<html>
<body>
<pre>
<h1>µVision Build Log</h1>
<h2>Tool Versions:</h2>
IDE-Version: µVision V5.18.0.0
Copyright (C) 2016 ARM Ltd and ARM Germany GmbH. All rights reserved.
License Information: bk Microsoft, Microsoft, LIC=QF8WF-6QXZY-GJP6P-M9GPH-KADNA-W1DDP
 
Tool Versions:
Toolchain:       MDK-ARM Standard  Version: 5.18
Toolchain Path:  C:\Keil_v5\ARM\ARMCC\Bin
C Compiler:      Armcc.exe V5.06 update 1 (build 61)
Assembler:       Armasm.exe V5.06 update 1 (build 61)
Linker/Locator:  ArmLink.exe V5.06 update 1 (build 61)
Library Manager: ArmAr.exe V5.06 update 1 (build 61)
Hex Converter:   FromElf.exe V5.06 update 1 (build 61)
CPU DLL:         SARMCM3.DLL V5.18
Dialog DLL:      DCM.DLL V1.13.6.0
Target DLL:      STLink\ST-LINKIII-KEIL_SWO.dll V2.0.18.0
Dialog DLL:      TCM.DLL V1.14.8.0
 
<h2>Project:</h2>
C:\Data\Project-Docs\HEMS\STM32F4_Gateway\STM32F4_Gateway_Transfrom\MDK-ARM\STM32F4_Gateway_V3.uvprojx
Project File Date:  08/27/2016

<h2>Output:</h2>
*** Using Compiler 'V5.06 update 1 (build 61)', folder: 'C:\Keil_v5\ARM\ARMCC\Bin'
Build target 'STM32F4_Gateway_V3'
compiling network.c...
../Inc/main.h(99): warning:  #1-D: last line of file ends without a newline
  #endif
..\nx_libs\inc\print_debug.h(30): warning:  #1-D: last line of file ends without a newline
  #endif
..\nx_libs\inc\uart2_manag.h(9): warning:  #1295-D: Deprecated declaration uart2_callback - give arg types
  void uart2_callback();
..\nx_libs\inc\uart2_manag.h(13): warning:  #1295-D: Deprecated declaration uart2_callback - give arg types
  extern void uart2_callback();
..\nx_libs\inc\uart2_manag.h(15): warning:  #1-D: last line of file ends without a newline
  #endif 
..\nx_libs\inc\uart3_manag.h(8): warning:  #1295-D: Deprecated declaration uart3_callback - give arg types
  void uart3_callback();
..\nx_libs\inc\uart3_manag.h(12): warning:  #1295-D: Deprecated declaration uart3_callback - give arg types
  extern void uart3_callback();
..\nx_libs\inc\uart3_manag.h(16): warning:  #1-D: last line of file ends without a newline
  #endif 
..\nx_libs\inc\uart4_manag.h(8): warning:  #1295-D: Deprecated declaration uart4_callback - give arg types
  void uart4_callback();
..\nx_libs\inc\uart4_manag.h(11): warning:  #1295-D: Deprecated declaration uart4_flush - give arg types
  void uart4_flush();
..\nx_libs\inc\uart4_manag.h(13): warning:  #1295-D: Deprecated declaration uart4_callback - give arg types
  extern void uart4_callback();
..\nx_libs\inc\uart4_manag.h(17): warning:  #1-D: last line of file ends without a newline
  #endif 
..\nx_libs\inc\uart6_manag.h(8): warning:  #1295-D: Deprecated declaration uart6_callback - give arg types
  void uart6_callback();
..\nx_libs\inc\uart6_manag.h(12): warning:  #1295-D: Deprecated declaration uart6_callback - give arg types
  extern void uart6_callback();
..\nx_libs\inc\uart6_manag.h(16): warning:  #1-D: last line of file ends without a newline
  #endif 
../Inc/main.h(89): warning:  #1295-D: Deprecated declaration uart1_callback - give arg types
  extern void uart1_callback();
../Inc/main.h(90): warning:  #1295-D: Deprecated declaration uart2_callback - give arg types
  extern void uart2_callback();
../Inc/main.h(91): warning:  #1295-D: Deprecated declaration uart3_callback - give arg types
  extern void uart3_callback();
../Inc/main.h(92): warning:  #1295-D: Deprecated declaration uart4_callback - give arg types
  extern void uart4_callback();
../Inc/main.h(99): warning:  #1-D: last line of file ends without a newline
  #endif
..\nx_libs\inc\network.h(42): warning:  #1295-D: Deprecated declaration net_connect - give arg types
  int8_t net_connect();
..\nx_libs\inc\network.h(43): warning:  #1295-D: Deprecated declaration net_callback - give arg types
  void net_callback();
..\nx_libs\inc\network.h(46): warning:  #1-D: last line of file ends without a newline
  #endif 
..\nx_libs\inc\mqtt_ptc.h(99): warning:  #1295-D: Deprecated declaration mqtt_callback - give arg types
  int8_t mqtt_callback();
..\nx_libs\inc\mqtt_ptc.h(102): warning:  #1-D: last line of file ends without a newline
  #endif 
..\nx_libs\inc\wifi.h(81): warning:  #1295-D: Deprecated declaration wifi_connected - give arg types
  int8_t wifi_connected();
..\nx_libs\inc\wifi.h(82): warning:  #1295-D: Deprecated declaration wifi_connect_serv - give arg types
  int8_t wifi_connect_serv();
..\nx_libs\inc\wifi.h(86): warning:  #1295-D: Deprecated declaration wifi_data_flush - give arg types
  void wifi_data_flush();
..\nx_libs\inc\wifi.h(95): warning:  #1-D: last line of file ends without a newline
  #endif 
..\nx_libs\inc\bluetooth_ptc.h(9): warning:  #1-D: last line of file ends without a newline
  #endif
..\nx_libs\src\network.c(134): warning:  #188-D: enumerated type mixed with another type
  								if((os_state=osSemaphoreWait(binarySemQueueHandle,2000))==0){
..\nx_libs\src\network.c(201): warning:  #188-D: enumerated type mixed with another type
  								if((os_state=osSemaphoreWait(binarySemQueueHandle,2000))==0){
..\nx_libs\src\network.c(348): warning:  #940-D: missing return statement at end of non-void function "net_connect"
  }
..\nx_libs\src\network.c(48): warning:  #177-D: variable "client_id" was declared but never referenced
  	int16_t client_id = 0;
..\nx_libs\src\network.c(58): warning:  #177-D: variable "serv_ip" was declared but never referenced
  	uint8_t serv_ip[4] = {(uint8_t)192,(uint8_t)168,(uint8_t)10,(uint8_t)106};
..\nx_libs\src\network.c(60): warning:  #550-D: variable "os_state" was set but never used
  	osStatus os_state;
..\nx_libs\src\network.c(588): warning:  #177-D: variable "ret" was declared but never referenced
  	uint8_t ret = 0;
..\nx_libs\src\network.c(651): warning:  #188-D: enumerated type mixed with another type
  				if((os_state=osSemaphoreWait(binarySemLocalTaskQueueHandle,2000))==0){
..\nx_libs\src\network.c(663): warning:  #188-D: enumerated type mixed with another type
  				if((os_state=osSemaphoreWait(binarySemLocalTaskQueueHandle,2000))==0){
..\nx_libs\src\network.c(606): warning:  #550-D: variable "os_state" was set but never used
  	osStatus os_state;
..\nx_libs\src\network.c(608): warning:  #177-D: variable "q_ret" was declared but never referenced
  	uint8_t q_ret = 0;
..\nx_libs\src\network.c(609): warning:  #177-D: variable "i" was declared but never referenced
  	uint8_t i = 0;
..\nx_libs\src\network.c: 44 warnings, 0 errors
linking...
Program Size: Code=42364 RO-data=1036 RW-data=280 ZI-data=25768  
"STM32F4_Gateway_V3\STM32F4_Gateway_V3.axf" - 0 Error(s), 42 Warning(s).

<h2>Software Packages used:</h2>

Package Vendor: ARM
                http://www.keil.com/pack/ARM.CMSIS.4.5.0.pack
                ARM::CMSIS:CORE:4.3.0
                CMSIS (Cortex Microcontroller Software Interface Standard)
   * Component: CORE Version: 4.3.0

<h2>Collection of Component include folders:</h2>
  C:\Data\Project-Docs\HEMS\STM32F4_Gateway\STM32F4_Gateway_Transfrom\MDK-ARM\RTE
  C:\Keil_v5\ARM\PACK\ARM\CMSIS\4.5.0\CMSIS\Include
  C:\Keil_v5\ARM\PACK\Keil\STM32F4xx_DFP\2.8.0\Drivers\CMSIS\Device\ST\STM32F4xx\Include

<h2>Collection of Component Files used:</h2>

   * Component: ARM::CMSIS:CORE:4.3.0
Build Time Elapsed:  00:00:03
</pre>
</body>
</html>
