<html>
<body>
<pre>
<h1>µVision Build Log</h1>
<h2>Tool Versions:</h2>
IDE-Version: µVision V5.18.0.0
Copyright (C) 2016 ARM Ltd and ARM Germany GmbH. All rights reserved.
License Information: bk Microsoft, Microsoft, LIC=QF8WF-6QXZY-GJP6P-M9GPH-KADNA-W1DDP
 
Tool Versions:
Toolchain:       MDK-ARM Standard  Version: 5.18
Toolchain Path:  C:\Keil_v5\ARM\ARMCC\Bin
C Compiler:      Armcc.exe V5.06 update 1 (build 61)
Assembler:       Armasm.exe V5.06 update 1 (build 61)
Linker/Locator:  ArmLink.exe V5.06 update 1 (build 61)
Library Manager: ArmAr.exe V5.06 update 1 (build 61)
Hex Converter:   FromElf.exe V5.06 update 1 (build 61)
CPU DLL:         SARMCM3.DLL V5.18
Dialog DLL:      DCM.DLL V1.13.6.0
Target DLL:      STLink\ST-LINKIII-KEIL_SWO.dll V2.0.18.0
Dialog DLL:      TCM.DLL V1.14.8.0
 
<h2>Project:</h2>
C:\Data\Project-Docs\HEMS\STM32F4_Gateway\STM32F4_Gateway_V1\MDK-ARM\STM32F4_Gateway_V1.uvprojx
Project File Date:  08/01/2016

<h2>Output:</h2>
*** Using Compiler 'V5.06 update 1 (build 61)', folder: 'C:\Keil_v5\ARM\ARMCC\Bin'
Build target 'STM32F4_Gateway_V1'
compiling print_debug.c...
../Inc/main.h(8): warning:  #1-D: last line of file ends without a newline
  #endif
..\nx_libs\inc\print_debug.h(30): warning:  #1-D: last line of file ends without a newline
  #endif
..\nx_libs\src\print_debug.c(18): warning:  #177-D: variable "i" was declared but never referenced
  	uint8_t i = 0;
..\nx_libs\src\print_debug.c(40): warning:  #188-D: enumerated type mixed with another type
  	if((os_state=osSemaphoreWait(myBinarySem01Handle,2000))==0){
..\nx_libs\src\print_debug.c(36): warning:  #177-D: variable "i" was declared but never referenced
  	uint8_t i = 0;
..\nx_libs\src\print_debug.c(38): warning:  #550-D: variable "os_state" was set but never used
  	osStatus os_state;
..\nx_libs\src\print_debug.c(64): warning:  #188-D: enumerated type mixed with another type
  	if((os_state=osSemaphoreWait(myBinarySem01Handle,2000))==0){
..\nx_libs\src\print_debug.c(56): warning:  #550-D: variable "os_state" was set but never used
  	osStatus os_state;
..\nx_libs\src\print_debug.c(157): warning:  #1-D: last line of file ends without a newline
  }
..\nx_libs\src\print_debug.c: 9 warnings, 0 errors
compiling main.c...
../Inc/main.h(8): warning:  #1-D: last line of file ends without a newline
  #endif
..\nx_libs\inc\print_debug.h(30): warning:  #1-D: last line of file ends without a newline
  #endif
../Src/main.c(486): warning:  #177-D: variable "i" was declared but never referenced
  	uint8_t i = 0;
../Src/main.c: 3 warnings, 0 errors
linking...
Program Size: Code=14752 RO-data=720 RW-data=144 ZI-data=16752  
"STM32F4_Gateway_V1\STM32F4_Gateway_V1.axf" - 0 Error(s), 12 Warning(s).

<h2>Software Packages used:</h2>

Package Vendor: ARM
                http://www.keil.com/pack/ARM.CMSIS.4.5.0.pack
                ARM::CMSIS:CORE:4.3.0
                CMSIS (Cortex Microcontroller Software Interface Standard)
   * Component: CORE Version: 4.3.0

<h2>Collection of Component include folders:</h2>
  C:\Data\Project-Docs\HEMS\STM32F4_Gateway\STM32F4_Gateway_V1\MDK-ARM\RTE
  C:\Keil_v5\ARM\PACK\ARM\CMSIS\4.5.0\CMSIS\Include
  C:\Keil_v5\ARM\PACK\Keil\STM32F4xx_DFP\2.8.0\Drivers\CMSIS\Device\ST\STM32F4xx\Include

<h2>Collection of Component Files used:</h2>

   * Component: ARM::CMSIS:CORE:4.3.0
Build Time Elapsed:  00:00:04
</pre>
</body>
</html>
