<html>
<body>
<pre>
<h1>µVision Build Log</h1>
<h2>Tool Versions:</h2>
IDE-Version: µVision V5.18.0.0
Copyright (C) 2016 ARM Ltd and ARM Germany GmbH. All rights reserved.
License Information: ss ss, ss, LIC=ATTHL-08BEN-MLQCI-TVG65-M13VV-N0P1U
 
Tool Versions:
Toolchain:       MDK-ARM Standard  Version: 5.18
Toolchain Path:  C:\Keil_v5\ARM\ARMCC\Bin
C Compiler:      Armcc.exe V5.06 update 1 (build 61)
Assembler:       Armasm.exe V5.06 update 1 (build 61)
Linker/Locator:  ArmLink.exe V5.06 update 1 (build 61)
Library Manager: ArmAr.exe V5.06 update 1 (build 61)
Hex Converter:   FromElf.exe V5.06 update 1 (build 61)
CPU DLL:         SARMCM3.DLL V5.18
Dialog DLL:      DARMCM1.DLL V1.12.0.0
Target DLL:      STLink\ST-LINKIII-KEIL_SWO.dll V2.0.18.0
Dialog DLL:      TARMCM1.DLL V1.9.0.0
 
<h2>Project:</h2>
C:\Users\acer\Desktop\EM\STM32F0_SPL\STM32F0_SPL_V1.1-20160922-2203-mqtt-ping-remote-led\STM32F0_SPL_V1.1\MDK-ARM\STM32F0_SPL.uvprojx
Project File Date:  09/08/2016

<h2>Output:</h2>
*** Using Compiler 'V5.06 update 1 (build 61)', folder: 'C:\Keil_v5\ARM\ARMCC\Bin'
Build target 'STM32F0_SPL'
compiling main.c...
..\nx_libs\inc\main.h(28): warning:  #1-D: last line of file ends without a newline
  #endif 
..\nx_libs\inc\print_debug.h(29): warning:  #1-D: last line of file ends without a newline
  #endif
..\nx_libs\inc\uart1_manag.h(9): warning:  #1295-D: Deprecated declaration uart1_callback - give arg types
  void uart1_callback();
..\nx_libs\inc\uart1_manag.h(12): warning:  #1295-D: Deprecated declaration uart1_flush - give arg types
  void uart1_flush();
..\nx_libs\inc\uart1_manag.h(14): warning:  #1295-D: Deprecated declaration uart1_callback - give arg types
  extern void uart1_callback();
..\nx_libs\inc\uart1_manag.h(16): warning:  #1-D: last line of file ends without a newline
  #endif 
..\nx_libs\inc\uart2_manag.h(9): warning:  #1295-D: Deprecated declaration uart2_callback - give arg types
  void uart2_callback();
..\nx_libs\inc\uart2_manag.h(13): warning:  #1295-D: Deprecated declaration uart2_callback - give arg types
  extern void uart2_callback();
..\nx_libs\inc\uart2_manag.h(15): warning:  #1-D: last line of file ends without a newline
  #endif 
..\nx_libs\inc\main.h(28): warning:  #1-D: last line of file ends without a newline
  #endif 
..\nx_libs\inc\gsm.h(29): warning:  #1-D: last line of file ends without a newline
  #endif 
..\nx_libs\inc\network.h(13): warning:  #1295-D: Deprecated declaration net_run - give arg types
  int8_t net_run();
..\nx_libs\inc\network.h(15): warning:  #1295-D: Deprecated declaration net_connect - give arg types
  int8_t net_connect();
..\nx_libs\inc\network.h(20): warning:  #1-D: last line of file ends without a newline
  #endif 
../Src/main.c(83): warning:  #177-D: variable "ret" was declared but never referenced
  	int8_t ret = 0;
../Src/main.c(84): warning:  #177-D: variable "idx_r" was declared but never referenced
  	uint16_t idx_r = 0;
../Src/main.c(85): warning:  #177-D: variable "tok" was declared but never referenced
  	char *tok = NULL;
../Src/main.c(86): warning:  #177-D: variable "tok_buf" was declared but never referenced
  	char *tok_buf = NULL;
../Src/main.c: 18 warnings, 0 errors
linking...
Program Size: Code=32464 RO-data=436 RW-data=44 ZI-data=4084  
"STM32F0_SPL\STM32F0_SPL.axf" - 0 Error(s), 18 Warning(s).

<h2>Software Packages used:</h2>

Package Vendor: ARM
                http://www.keil.com/pack/ARM.CMSIS.5.0.0-Beta4.pack
                ARM::CMSIS:CORE:5.0.0
                CMSIS (Cortex Microcontroller Software Interface Standard)
   * Component: CORE Version: 5.0.0

<h2>Collection of Component include folders:</h2>
  C:\Users\acer\Desktop\EM\STM32F0_SPL\STM32F0_SPL_V1.1-20160922-2203-mqtt-ping-remote-led\STM32F0_SPL_V1.1\MDK-ARM\RTE
  C:\Keil_v5\ARM\PACK\ARM\CMSIS\5.0.0-Beta4\CMSIS\Include
  C:\Keil_v5\ARM\PACK\Keil\STM32F0xx_DFP\1.5.0\Device\Include

<h2>Collection of Component Files used:</h2>

   * Component: ARM::CMSIS:CORE:5.0.0
Build Time Elapsed:  00:00:03
</pre>
</body>
</html>
