Component: ARM Compiler 5.06 update 1 (build 61) Tool: armlink [4d35a8]

==============================================================================

Section Cross References

    stm32f0xx_hal_msp.o(i.HAL_ADC_MspDeInit) refers to stm32f0xx_hal_gpio.o(i.HAL_GPIO_DeInit) for HAL_GPIO_DeInit
    stm32f0xx_hal_msp.o(i.HAL_ADC_MspDeInit) refers to stm32f0xx_hal_cortex.o(i.HAL_NVIC_DisableIRQ) for HAL_NVIC_DisableIRQ
    stm32f0xx_hal_msp.o(i.HAL_ADC_MspInit) refers to stm32f0xx_hal_gpio.o(i.HAL_GPIO_Init) for HAL_GPIO_Init
    stm32f0xx_hal_msp.o(i.HAL_ADC_MspInit) refers to stm32f0xx_hal_cortex.o(i.HAL_NVIC_SetPriority) for HAL_NVIC_SetPriority
    stm32f0xx_hal_msp.o(i.HAL_ADC_MspInit) refers to stm32f0xx_hal_cortex.o(i.HAL_NVIC_EnableIRQ) for HAL_NVIC_EnableIRQ
    stm32f0xx_hal_msp.o(i.HAL_MspInit) refers to stm32f0xx_hal_cortex.o(i.HAL_NVIC_SetPriority) for HAL_NVIC_SetPriority
    stm32f0xx_hal_msp.o(i.HAL_TIM_Base_MspDeInit) refers to stm32f0xx_hal_cortex.o(i.HAL_NVIC_DisableIRQ) for HAL_NVIC_DisableIRQ
    stm32f0xx_hal_msp.o(i.HAL_TIM_Base_MspInit) refers to stm32f0xx_hal_cortex.o(i.HAL_NVIC_SetPriority) for HAL_NVIC_SetPriority
    stm32f0xx_hal_msp.o(i.HAL_TIM_Base_MspInit) refers to stm32f0xx_hal_cortex.o(i.HAL_NVIC_EnableIRQ) for HAL_NVIC_EnableIRQ
    stm32f0xx_hal_msp.o(i.HAL_UART_MspDeInit) refers to stm32f0xx_hal_gpio.o(i.HAL_GPIO_DeInit) for HAL_GPIO_DeInit
    stm32f0xx_hal_msp.o(i.HAL_UART_MspDeInit) refers to stm32f0xx_hal_cortex.o(i.HAL_NVIC_DisableIRQ) for HAL_NVIC_DisableIRQ
    stm32f0xx_hal_msp.o(i.HAL_UART_MspInit) refers to stm32f0xx_hal_gpio.o(i.HAL_GPIO_Init) for HAL_GPIO_Init
    stm32f0xx_hal_msp.o(i.HAL_UART_MspInit) refers to stm32f0xx_hal_cortex.o(i.HAL_NVIC_SetPriority) for HAL_NVIC_SetPriority
    stm32f0xx_hal_msp.o(i.HAL_UART_MspInit) refers to stm32f0xx_hal_cortex.o(i.HAL_NVIC_EnableIRQ) for HAL_NVIC_EnableIRQ
    stm32f0xx_it.o(i.ADC1_COMP_IRQHandler) refers to stm32f0xx_hal_adc.o(i.HAL_ADC_IRQHandler) for HAL_ADC_IRQHandler
    stm32f0xx_it.o(i.ADC1_COMP_IRQHandler) refers to main.o(.bss) for hadc
    stm32f0xx_it.o(i.EXTI4_15_IRQHandler) refers to stm32f0xx_hal_gpio.o(i.HAL_GPIO_EXTI_IRQHandler) for HAL_GPIO_EXTI_IRQHandler
    stm32f0xx_it.o(i.EXTI4_15_IRQHandler) refers to stm32f0xx_it.o(.data) for FlagSendAlarm
    stm32f0xx_it.o(i.SysTick_Handler) refers to stm32f0xx_hal.o(i.HAL_IncTick) for HAL_IncTick
    stm32f0xx_it.o(i.SysTick_Handler) refers to stm32f0xx_hal_cortex.o(i.HAL_SYSTICK_IRQHandler) for HAL_SYSTICK_IRQHandler
    stm32f0xx_it.o(i.TIM3_IRQHandler) refers to stm32f0xx_hal_tim.o(i.HAL_TIM_IRQHandler) for HAL_TIM_IRQHandler
    stm32f0xx_it.o(i.TIM3_IRQHandler) refers to main.o(.bss) for htim3
    stm32f0xx_it.o(i.USART1_IRQHandler) refers to stm32f0xx_hal_uart_ex.o(i.HAL_UART_IRQHandler) for HAL_UART_IRQHandler
    stm32f0xx_it.o(i.USART1_IRQHandler) refers to uart1_manag.o(i.uart1_callback) for uart1_callback
    stm32f0xx_it.o(i.USART1_IRQHandler) refers to main.o(.bss) for huart1
    stm32f0xx_it.o(i.USART2_IRQHandler) refers to stm32f0xx_hal_uart_ex.o(i.HAL_UART_IRQHandler) for HAL_UART_IRQHandler
    stm32f0xx_it.o(i.USART2_IRQHandler) refers to uart2_manag.o(i.uart2_callback) for uart2_callback
    stm32f0xx_it.o(i.USART2_IRQHandler) refers to main.o(.bss) for huart2
    main.o(i.MX_ADC_Init) refers to stm32f0xx_hal_adc.o(i.HAL_ADC_Init) for HAL_ADC_Init
    main.o(i.MX_ADC_Init) refers to stm32f0xx_hal_adc.o(i.HAL_ADC_ConfigChannel) for HAL_ADC_ConfigChannel
    main.o(i.MX_ADC_Init) refers to main.o(.bss) for hadc
    main.o(i.MX_GPIO_Init) refers to stm32f0xx_hal_gpio.o(i.HAL_GPIO_WritePin) for HAL_GPIO_WritePin
    main.o(i.MX_GPIO_Init) refers to stm32f0xx_hal_gpio.o(i.HAL_GPIO_Init) for HAL_GPIO_Init
    main.o(i.MX_TIM3_Init) refers to stm32f0xx_hal_tim.o(i.HAL_TIM_Base_Init) for HAL_TIM_Base_Init
    main.o(i.MX_TIM3_Init) refers to stm32f0xx_hal_tim.o(i.HAL_TIM_ConfigClockSource) for HAL_TIM_ConfigClockSource
    main.o(i.MX_TIM3_Init) refers to stm32f0xx_hal_tim_ex.o(i.HAL_TIMEx_MasterConfigSynchronization) for HAL_TIMEx_MasterConfigSynchronization
    main.o(i.MX_TIM3_Init) refers to main.o(.bss) for htim3
    main.o(i.MX_USART1_UART_Init) refers to stm32f0xx_hal_uart.o(i.HAL_UART_Init) for HAL_UART_Init
    main.o(i.MX_USART1_UART_Init) refers to main.o(.bss) for huart1
    main.o(i.MX_USART2_UART_Init) refers to stm32f0xx_hal_uart.o(i.HAL_UART_Init) for HAL_UART_Init
    main.o(i.MX_USART2_UART_Init) refers to main.o(.bss) for huart2
    main.o(i.Power_On) refers to print_debug.o(i.print_debug) for print_debug
    main.o(i.Power_On) refers to stm32f0xx_hal_gpio.o(i.HAL_GPIO_WritePin) for HAL_GPIO_WritePin
    main.o(i.Power_On) refers to stm32f0xx_hal.o(i.HAL_Delay) for HAL_Delay
    main.o(i.Power_On) refers to main.o(i.SsendATcommand) for SsendATcommand
    main.o(i.Power_On) refers to network.o(i.ReadBett) for ReadBett
    main.o(i.SsendATcommand) refers to gsm.o(i.gsm_write) for gsm_write
[...]
    ../clib/microlib/ctype/ctype.c           0x00000000   Number         0  ctype_c.o ABSOLUTE
    ../clib/microlib/ctype/ctype.c           0x00000000   Number         0  isgraph_o.o ABSOLUTE
    ../clib/microlib/ctype/ctype.c           0x00000000   Number         0  isblank_o.o ABSOLUTE
    ../clib/microlib/ctype/ctype.c           0x00000000   Number         0  islower_o.o ABSOLUTE
    ../clib/microlib/ctype/ctype.c           0x00000000   Number         0  isprint_o.o ABSOLUTE
    ../clib/microlib/ctype/ctype.c           0x00000000   Number         0  ispunct_o.o ABSOLUTE
    ../clib/microlib/ctype/ctype.c           0x00000000   Number         0  isspace_o.o ABSOLUTE
    ../clib/microlib/ctype/ctype.c           0x00000000   Number         0  isalpha_o.o ABSOLUTE
    ../clib/microlib/ctype/ctype.c           0x00000000   Number         0  isspace_c.o ABSOLUTE
    ../clib/microlib/ctype/ctype.c           0x00000000   Number         0  isupper_o.o ABSOLUTE
    ../clib/microlib/ctype/ctype.c           0x00000000   Number         0  isxdigit_o.o ABSOLUTE
    ../clib/microlib/ctype/ctype.c           0x00000000   Number         0  iscntrl_o.o ABSOLUTE
    ../clib/microlib/ctype/ctype.c           0x00000000   Number         0  isalnum_o.o ABSOLUTE
    ../clib/microlib/ctype/ctype.c           0x00000000   Number         0  ctype_o.o ABSOLUTE
    ../clib/microlib/ctype/ctype.c           0x00000000   Number         0  isdigit_o.o ABSOLUTE
    ../clib/microlib/division.c              0x00000000   Number         0  uldiv.o ABSOLUTE
    ../clib/microlib/division.c              0x00000000   Number         0  uidiv.o ABSOLUTE
    ../clib/microlib/division.c              0x00000000   Number         0  idiv.o ABSOLUTE
    ../clib/microlib/errno.c                 0x00000000   Number         0  errno.o ABSOLUTE
    ../clib/microlib/init/entry.s            0x00000000   Number         0  entry9a.o ABSOLUTE
    ../clib/microlib/init/entry.s            0x00000000   Number         0  entry8b.o ABSOLUTE
    ../clib/microlib/init/entry.s            0x00000000   Number         0  entry8a.o ABSOLUTE
    ../clib/microlib/init/entry.s            0x00000000   Number         0  entry7b.o ABSOLUTE
    ../clib/microlib/init/entry.s            0x00000000   Number         0  entry7a.o ABSOLUTE
    ../clib/microlib/init/entry.s            0x00000000   Number         0  entry5.o ABSOLUTE
    ../clib/microlib/init/entry.s            0x00000000   Number         0  entry2.o ABSOLUTE
    ../clib/microlib/init/entry.s            0x00000000   Number         0  entry.o ABSOLUTE
    ../clib/microlib/init/entry.s            0x00000000   Number         0  entry11b.o ABSOLUTE
    ../clib/microlib/init/entry.s            0x00000000   Number         0  entry11a.o ABSOLUTE
    ../clib/microlib/init/entry.s            0x00000000   Number         0  entry10b.o ABSOLUTE
    ../clib/microlib/init/entry.s            0x00000000   Number         0  entry10a.o ABSOLUTE
    ../clib/microlib/init/entry.s            0x00000000   Number         0  entry9b.o ABSOLUTE
    ../clib/microlib/longlong.c              0x00000000   Number         0  llsshr.o ABSOLUTE
    ../clib/microlib/longlong.c              0x00000000   Number         0  llmul.o ABSOLUTE
    ../clib/microlib/longlong.c              0x00000000   Number         0  llshl.o ABSOLUTE
    ../clib/microlib/longlong.c              0x00000000   Number         0  llushr.o ABSOLUTE
    ../clib/microlib/printf/printf.c         0x00000000   Number         0  printf5.o ABSOLUTE
    ../clib/microlib/printf/printf.c         0x00000000   Number         0  printf0.o ABSOLUTE
    ../clib/microlib/printf/printf.c         0x00000000   Number         0  printf6.o ABSOLUTE
    ../clib/microlib/printf/printf.c         0x00000000   Number         0  printf4.o ABSOLUTE
    ../clib/microlib/printf/printf.c         0x00000000   Number         0  printf3.o ABSOLUTE
    ../clib/microlib/printf/printf.c         0x00000000   Number         0  printf8.o ABSOLUTE
    ../clib/microlib/printf/printf.c         0x00000000   Number         0  printfa.o ABSOLUTE
    ../clib/microlib/printf/printf.c         0x00000000   Number         0  printf7.o ABSOLUTE
    ../clib/microlib/printf/printf.c         0x00000000   Number         0  printfb.o ABSOLUTE
    ../clib/microlib/printf/printf.c         0x00000000   Number         0  printf2.o ABSOLUTE
    ../clib/microlib/printf/printf.c         0x00000000   Number         0  printf1.o ABSOLUTE
    ../clib/microlib/printf/stubs.s          0x00000000   Number         0  stubs.o ABSOLUTE
    ../clib/microlib/stdio/fputc.c           0x00000000   Number         0  fputc.o ABSOLUTE
    ../clib/microlib/stdio/semi.s            0x00000000   Number         0  semi.o ABSOLUTE
    ../clib/microlib/stdio/streams.c         0x00000000   Number         0  stdout.o ABSOLUTE
    ../clib/microlib/string/memcpy.c         0x00000000   Number         0  memcpya.o ABSOLUTE
    ../clib/microlib/string/memcpy.c         0x00000000   Number         0  memcpyb.o ABSOLUTE
    ../clib/microlib/string/memset.c         0x00000000   Number         0  memseta.o ABSOLUTE
    ../clib/microlib/string/strcpy.c         0x00000000   Number         0  strcpy.o ABSOLUTE
    ../clib/microlib/string/strlen.c         0x00000000   Number         0  strlen.o ABSOLUTE
    ../clib/microlib/string/strncmp.c        0x00000000   Number         0  strncmp.o ABSOLUTE
    ../clib/microlib/string/strstr.c         0x00000000   Number         0  strstr.o ABSOLUTE
    ../clib/microlib/string/strtok.c         0x00000000   Number         0  strtok_r.o ABSOLUTE
    ../clib/microlib/string/strtok.c         0x00000000   Number         0  strtok.o ABSOLUTE
    ../clib/microlib/stubs.s                 0x00000000   Number         0  iusefp.o ABSOLUTE
    ../clib/microlib/stubs.s                 0x00000000   Number         0  iusesemip.o ABSOLUTE
    ../clib/scanf.c                          0x00000000   Number         0  strtod.o ABSOLUTE
    ../clib/scanf.c                          0x00000000   Number         0  strtol.o ABSOLUTE
    ../clib/scanf.c                          0x00000000   Number         0  _chval.o ABSOLUTE
    ../clib/scanf.c                          0x00000000   Number         0  scanf_fp.o ABSOLUTE
    ../clib/scanf.c                          0x00000000   Number         0  _strtoul.o ABSOLUTE
    ../clib/scanf.c                          0x00000000   Number         0  atoi.o ABSOLUTE
    ../clib/scanf.c                          0x00000000   Number         0  _sgetc.o ABSOLUTE
    ../fplib/microlib/d2f.c                  0x00000000   Number         0  d2f.o ABSOLUTE
    ../fplib/microlib/f2d.c                  0x00000000   Number         0  f2d.o ABSOLUTE
    ../fplib/microlib/fpadd.c                0x00000000   Number         0  fadd.o ABSOLUTE
    ../fplib/microlib/fpadd.c                0x00000000   Number         0  dadd.o ABSOLUTE
    ../fplib/microlib/fpdiv.c                0x00000000   Number         0  fdiv.o ABSOLUTE
    ../fplib/microlib/fpdiv.c                0x00000000   Number         0  ddiv.o ABSOLUTE
    ../fplib/microlib/fpepilogue.c           0x00000000   Number         0  fepilogue.o ABSOLUTE
    ../fplib/microlib/fpepilogue.c           0x00000000   Number         0  depilogue.o ABSOLUTE
    ../fplib/microlib/fpfix.c                0x00000000   Number         0  dfixul.o ABSOLUTE
    ../fplib/microlib/fpfix.c                0x00000000   Number         0  ffixi.o ABSOLUTE
    ../fplib/microlib/fpflt.c                0x00000000   Number         0  fflti.o ABSOLUTE
    ../fplib/microlib/fpflt.c                0x00000000   Number         0  dfltul.o ABSOLUTE
    ../fplib/microlib/fpmul.c                0x00000000   Number         0  dmul.o ABSOLUTE
    ../fplib/microlib/fpmul.c                0x00000000   Number         0  fmul.o ABSOLUTE
    ../mathlib/atof.c                        0x00000000   Number         0  atof.o ABSOLUTE
    ..\Drivers\CMSIS\Device\ST\STM32F0xx\Source\Templates\system_stm32f0xx.c 0x00000000   Number         0  system_stm32f0xx.o ABSOLUTE
    ..\Drivers\STM32F0xx_HAL_Driver\Src\stm32f0xx_hal.c 0x00000000   Number         0  stm32f0xx_hal.o ABSOLUTE
    ..\Drivers\STM32F0xx_HAL_Driver\Src\stm32f0xx_hal_adc.c 0x00000000   Number         0  stm32f0xx_hal_adc.o ABSOLUTE
    ..\Drivers\STM32F0xx_HAL_Driver\Src\stm32f0xx_hal_adc_ex.c 0x00000000   Number         0  stm32f0xx_hal_adc_ex.o ABSOLUTE
    ..\Drivers\STM32F0xx_HAL_Driver\Src\stm32f0xx_hal_cortex.c 0x00000000   Number         0  stm32f0xx_hal_cortex.o ABSOLUTE
    ..\Drivers\STM32F0xx_HAL_Driver\Src\stm32f0xx_hal_dma.c 0x00000000   Number         0  stm32f0xx_hal_dma.o ABSOLUTE
    ..\Drivers\STM32F0xx_HAL_Driver\Src\stm32f0xx_hal_flash.c 0x00000000   Number         0  stm32f0xx_hal_flash.o ABSOLUTE
    ..\Drivers\STM32F0xx_HAL_Driver\Src\stm32f0xx_hal_flash_ex.c 0x00000000   Number         0  stm32f0xx_hal_flash_ex.o ABSOLUTE
    ..\Drivers\STM32F0xx_HAL_Driver\Src\stm32f0xx_hal_gpio.c 0x00000000   Number         0  stm32f0xx_hal_gpio.o ABSOLUTE
    ..\Drivers\STM32F0xx_HAL_Driver\Src\stm32f0xx_hal_i2c.c 0x00000000   Number         0  stm32f0xx_hal_i2c.o ABSOLUTE
    ..\Drivers\STM32F0xx_HAL_Driver\Src\stm32f0xx_hal_i2c_ex.c 0x00000000   Number         0  stm32f0xx_hal_i2c_ex.o ABSOLUTE
    ..\Drivers\STM32F0xx_HAL_Driver\Src\stm32f0xx_hal_pwr.c 0x00000000   Number         0  stm32f0xx_hal_pwr.o ABSOLUTE
    ..\Drivers\STM32F0xx_HAL_Driver\Src\stm32f0xx_hal_pwr_ex.c 0x00000000   Number         0  stm32f0xx_hal_pwr_ex.o ABSOLUTE
    ..\Drivers\STM32F0xx_HAL_Driver\Src\stm32f0xx_hal_rcc.c 0x00000000   Number         0  stm32f0xx_hal_rcc.o ABSOLUTE
    ..\Drivers\STM32F0xx_HAL_Driver\Src\stm32f0xx_hal_rcc_ex.c 0x00000000   Number         0  stm32f0xx_hal_rcc_ex.o ABSOLUTE
    ..\Drivers\STM32F0xx_HAL_Driver\Src\stm32f0xx_hal_tim.c 0x00000000   Number         0  stm32f0xx_hal_tim.o ABSOLUTE
    ..\Drivers\STM32F0xx_HAL_Driver\Src\stm32f0xx_hal_tim_ex.c 0x00000000   Number         0  stm32f0xx_hal_tim_ex.o ABSOLUTE
    ..\Drivers\STM32F0xx_HAL_Driver\Src\stm32f0xx_hal_uart.c 0x00000000   Number         0  stm32f0xx_hal_uart.o ABSOLUTE
    ..\Drivers\STM32F0xx_HAL_Driver\Src\stm32f0xx_hal_uart_ex.c 0x00000000   Number         0  stm32f0xx_hal_uart_ex.o ABSOLUTE
    ..\Src\main.c                            0x00000000   Number         0  main.o ABSOLUTE
    ..\Src\stm32f0xx_hal_msp.c               0x00000000   Number         0  stm32f0xx_hal_msp.o ABSOLUTE
    ..\Src\stm32f0xx_it.c                    0x00000000   Number         0  stm32f0xx_it.o ABSOLUTE
    ..\\nx_libs\\src\\gsm.c                  0x00000000   Number         0  gsm.o ABSOLUTE
    ..\\nx_libs\\src\\mqtt_ptc.c             0x00000000   Number         0  mqtt_ptc.o ABSOLUTE
    ..\\nx_libs\\src\\network.c              0x00000000   Number         0  network.o ABSOLUTE
    ..\\nx_libs\\src\\print_debug.c          0x00000000   Number         0  print_debug.o ABSOLUTE
    ..\\nx_libs\\src\\uart1_manag.c          0x00000000   Number         0  uart1_manag.o ABSOLUTE
    ..\\nx_libs\\src\\uart2_manag.c          0x00000000   Number         0  uart2_manag.o ABSOLUTE
    ..\nx_libs\src\gsm.c                     0x00000000   Number         0  gsm.o ABSOLUTE
    ..\nx_libs\src\mqtt_ptc.c                0x00000000   Number         0  mqtt_ptc.o ABSOLUTE
    ..\nx_libs\src\network.c                 0x00000000   Number         0  network.o ABSOLUTE
    ..\nx_libs\src\print_debug.c             0x00000000   Number         0  print_debug.o ABSOLUTE
    ..\nx_libs\src\uart1_manag.c             0x00000000   Number         0  uart1_manag.o ABSOLUTE
    ..\nx_libs\src\uart2_manag.c             0x00000000   Number         0  uart2_manag.o ABSOLUTE
    cdrcmple.s                               0x00000000   Number         0  cdrcmple.o ABSOLUTE
    cfcmple.s                                0x00000000   Number         0  cfcmple.o ABSOLUTE
    dc.s                                     0x00000000   Number         0  dc.o ABSOLUTE
    handlers.s                               0x00000000   Number         0  handlers.o ABSOLUTE
    init.s                                   0x00000000   Number         0  init.o ABSOLUTE
    startup_stm32f051x8.s                    0x00000000   Number         0  startup_stm32f051x8.o ABSOLUTE
    RESET                                    0x08000000   Section      188  startup_stm32f051x8.o(RESET)
    .ARM.Collect$$$$00000000                 0x080000bc   Section        0  entry.o(.ARM.Collect$$$$00000000)
    .ARM.Collect$$$$00000001                 0x080000bc   Section        4  entry2.o(.ARM.Collect$$$$00000001)
    .ARM.Collect$$$$00000004                 0x080000c0   Section        4  entry5.o(.ARM.Collect$$$$00000004)
    .ARM.Collect$$$$00000008                 0x080000c4   Section        0  entry7b.o(.ARM.Collect$$$$00000008)
    .ARM.Collect$$$$0000000A                 0x080000c4   Section        0  entry8b.o(.ARM.Collect$$$$0000000A)
    .ARM.Collect$$$$0000000B                 0x080000c4   Section        8  entry9a.o(.ARM.Collect$$$$0000000B)
    .ARM.Collect$$$$0000000D                 0x080000cc   Section        0  entry10a.o(.ARM.Collect$$$$0000000D)
    .ARM.Collect$$$$0000000F                 0x080000cc   Section        0  entry11a.o(.ARM.Collect$$$$0000000F)
    .ARM.Collect$$$$00002712                 0x080000cc   Section        4  entry2.o(.ARM.Collect$$$$00002712)
    __lit__00000000                          0x080000cc   Data           4  entry2.o(.ARM.Collect$$$$00002712)
    .text                                    0x080000d0   Section       28  startup_stm32f051x8.o(.text)
    .text                                    0x080000ec   Section        0  uidiv.o(.text)
    .text                                    0x08000118   Section        0  idiv.o(.text)
    .text                                    0x08000140   Section        0  llushr.o(.text)
    .text                                    0x08000164   Section        0  ctype_o.o(.text)
    .text                                    0x0800016c   Section        0  isspace_o.o(.text)
    .text                                    0x0800017e   Section        0  memcpya.o(.text)
    .text                                    0x080001a2   Section        0  memseta.o(.text)
    .text                                    0x080001c6   Section        0  strstr.o(.text)
    .text                                    0x080001ee   Section        0  strlen.o(.text)
    .text                                    0x080001fc   Section        0  strcpy.o(.text)
    .text                                    0x0800020e   Section        0  strncmp.o(.text)
    .text                                    0x0800022c   Section        0  strtok.o(.text)
    .text                                    0x08000274   Section        0  atoi.o(.text)
    .text                                    0x0800028e   Section        0  fadd.o(.text)
    .text                                    0x08000340   Section        0  fmul.o(.text)
    .text                                    0x080003ba   Section        0  fdiv.o(.text)
    .text                                    0x08000438   Section        0  dmul.o(.text)
    .text                                    0x08000508   Section        0  fflti.o(.text)
    .text                                    0x0800051e   Section        0  ffixi.o(.text)
    .text                                    0x08000550   Section        0  f2d.o(.text)
    .text                                    0x08000578   Section        0  d2f.o(.text)
    .text                                    0x080005b0   Section       20  cfcmple.o(.text)
    .text                                    0x080005c4   Section        0  uldiv.o(.text)
    .text                                    0x08000624   Section        0  strtod.o(.text)
    _local_sscanf                            0x08000625   Thumb Code    54  strtod.o(.text)
    .text                                    0x080006c8   Section        0  strtol.o(.text)
    .text                                    0x08000738   Section        0  iusefp.o(.text)
    .text                                    0x08000738   Section        0  fepilogue.o(.text)
    .text                                    0x080007ba   Section        0  depilogue.o(.text)
    .text                                    0x08000878   Section        0  dadd.o(.text)
    .text                                    0x080009dc   Section        0  ddiv.o(.text)
    .text                                    0x08000acc   Section        0  dfixul.o(.text)
    .text                                    0x08000b0c   Section       40  cdrcmple.o(.text)
    .text                                    0x08000b34   Section       36  init.o(.text)
    .text                                    0x08000b58   Section        0  llshl.o(.text)
    .text                                    0x08000b78   Section        0  llsshr.o(.text)
    .text                                    0x08000ba0   Section        0  scanf_fp.o(.text)
    _fp_value                                0x08000ba1   Thumb Code   246  scanf_fp.o(.text)
    .text                                    0x08000eec   Section        0  _sgetc.o(.text)
    .text                                    0x08000f30   Section        0  _strtoul.o(.text)
    .text                                    0x08000fd6   Section        0  llmul.o(.text)
    .text                                    0x08001050   Section        0  _chval.o(.text)
    .text                                    0x08001070   Section        0  dfltul.o(.text)
    i.ADC1_COMP_IRQHandler                   0x0800108c   Section        0  stm32f0xx_it.o(i.ADC1_COMP_IRQHandler)
    i.ADC_Enable                             0x0800109c   Section        0  stm32f0xx_hal_adc.o(i.ADC_Enable)
    ADC_Enable                               0x0800109d   Thumb Code   198  stm32f0xx_hal_adc.o(i.ADC_Enable)
    i.EXTI4_15_IRQHandler                    0x08001170   Section        0  stm32f0xx_it.o(i.EXTI4_15_IRQHandler)
    i.Get_ADC                                0x08001184   Section        0  network.o(i.Get_ADC)
    i.HAL_ADC_ConfigChannel                  0x080011ac   Section        0  stm32f0xx_hal_adc.o(i.HAL_ADC_ConfigChannel)
    i.HAL_ADC_ConvCpltCallback               0x08001480   Section        0  stm32f0xx_hal_adc.o(i.HAL_ADC_ConvCpltCallback)
    i.HAL_ADC_ErrorCallback                  0x08001482   Section        0  stm32f0xx_hal_adc.o(i.HAL_ADC_ErrorCallback)
    i.HAL_ADC_GetValue                       0x08001484   Section        0  stm32f0xx_hal_adc.o(i.HAL_ADC_GetValue)
    i.HAL_ADC_IRQHandler                     0x080014e0   Section        0  stm32f0xx_hal_adc.o(i.HAL_ADC_IRQHandler)
    i.HAL_ADC_Init                           0x08001680   Section        0  stm32f0xx_hal_adc.o(i.HAL_ADC_Init)
    i.HAL_ADC_LevelOutOfWindowCallback       0x08001a1c   Section        0  stm32f0xx_hal_adc.o(i.HAL_ADC_LevelOutOfWindowCallback)
    i.HAL_ADC_MspInit                        0x08001a20   Section        0  stm32f0xx_hal_msp.o(i.HAL_ADC_MspInit)
    i.HAL_ADC_Start                          0x08001a80   Section        0  stm32f0xx_hal_adc.o(i.HAL_ADC_Start)
    i.HAL_Delay                              0x08001b48   Section        0  stm32f0xx_hal.o(i.HAL_Delay)
    i.HAL_GPIO_EXTI_Callback                 0x08001b62   Section        0  stm32f0xx_hal_gpio.o(i.HAL_GPIO_EXTI_Callback)
    i.HAL_GPIO_EXTI_IRQHandler               0x08001b64   Section        0  stm32f0xx_hal_gpio.o(i.HAL_GPIO_EXTI_IRQHandler)
    i.HAL_GPIO_Init                          0x08001b84   Section        0  stm32f0xx_hal_gpio.o(i.HAL_GPIO_Init)
    i.HAL_GPIO_ReadPin                       0x08001ecc   Section        0  stm32f0xx_hal_gpio.o(i.HAL_GPIO_ReadPin)
    i.HAL_GPIO_WritePin                      0x08001f34   Section        0  stm32f0xx_hal_gpio.o(i.HAL_GPIO_WritePin)
    i.HAL_GetTick                            0x08001fac   Section        0  stm32f0xx_hal.o(i.HAL_GetTick)
    i.HAL_IncTick                            0x08001fb8   Section        0  stm32f0xx_hal.o(i.HAL_IncTick)
    i.HAL_Init                               0x08001fc8   Section        0  stm32f0xx_hal.o(i.HAL_Init)
    i.HAL_InitTick                           0x08001fe8   Section        0  stm32f0xx_hal.o(i.HAL_InitTick)
    i.HAL_MspInit                            0x08002010   Section        0  stm32f0xx_hal_msp.o(i.HAL_MspInit)
    i.HAL_NVIC_EnableIRQ                     0x08002040   Section        0  stm32f0xx_hal_cortex.o(i.HAL_NVIC_EnableIRQ)
    i.HAL_NVIC_SetPriority                   0x080020a4   Section        0  stm32f0xx_hal_cortex.o(i.HAL_NVIC_SetPriority)
    i.HAL_RCCEx_PeriphCLKConfig              0x08002100   Section        0  stm32f0xx_hal_rcc_ex.o(i.HAL_RCCEx_PeriphCLKConfig)
    i.HAL_RCC_ClockConfig                    0x08002310   Section        0  stm32f0xx_hal_rcc.o(i.HAL_RCC_ClockConfig)
    i.HAL_RCC_GetHCLKFreq                    0x080025a4   Section        0  stm32f0xx_hal_rcc.o(i.HAL_RCC_GetHCLKFreq)
    i.HAL_RCC_GetPCLK1Freq                   0x080025d0   Section        0  stm32f0xx_hal_rcc.o(i.HAL_RCC_GetPCLK1Freq)
    i.HAL_RCC_GetSysClockFreq                0x080025f4   Section        0  stm32f0xx_hal_rcc.o(i.HAL_RCC_GetSysClockFreq)
    i.HAL_RCC_OscConfig                      0x080026b8   Section        0  stm32f0xx_hal_rcc.o(i.HAL_RCC_OscConfig)
    i.HAL_SYSTICK_CLKSourceConfig            0x08002ef0   Section        0  stm32f0xx_hal_cortex.o(i.HAL_SYSTICK_CLKSourceConfig)
    i.HAL_SYSTICK_Callback                   0x08002f68   Section        0  stm32f0xx_hal_cortex.o(i.HAL_SYSTICK_Callback)
    i.HAL_SYSTICK_Config                     0x08002f6c   Section        0  stm32f0xx_hal_cortex.o(i.HAL_SYSTICK_Config)
    i.HAL_SYSTICK_IRQHandler                 0x08002fa4   Section        0  stm32f0xx_hal_cortex.o(i.HAL_SYSTICK_IRQHandler)
    i.HAL_TIMEx_BreakCallback                0x08002fac   Section        0  stm32f0xx_hal_tim_ex.o(i.HAL_TIMEx_BreakCallback)
    i.HAL_TIMEx_CommutationCallback          0x08002fae   Section        0  stm32f0xx_hal_tim_ex.o(i.HAL_TIMEx_CommutationCallback)
    i.HAL_TIMEx_MasterConfigSynchronization  0x08002fb0   Section        0  stm32f0xx_hal_tim_ex.o(i.HAL_TIMEx_MasterConfigSynchronization)
    i.HAL_TIM_Base_Init                      0x080030f0   Section        0  stm32f0xx_hal_tim.o(i.HAL_TIM_Base_Init)
    i.HAL_TIM_Base_MspInit                   0x08003214   Section        0  stm32f0xx_hal_msp.o(i.HAL_TIM_Base_MspInit)
    i.HAL_TIM_ConfigClockSource              0x08003258   Section        0  stm32f0xx_hal_tim.o(i.HAL_TIM_ConfigClockSource)
    i.HAL_TIM_IC_CaptureCallback             0x080037d4   Section        0  stm32f0xx_hal_tim.o(i.HAL_TIM_IC_CaptureCallback)
    i.HAL_TIM_IRQHandler                     0x080037d6   Section        0  stm32f0xx_hal_tim.o(i.HAL_TIM_IRQHandler)
    i.HAL_TIM_OC_DelayElapsedCallback        0x0800399e   Section        0  stm32f0xx_hal_tim.o(i.HAL_TIM_OC_DelayElapsedCallback)
    i.HAL_TIM_PWM_PulseFinishedCallback      0x080039a0   Section        0  stm32f0xx_hal_tim.o(i.HAL_TIM_PWM_PulseFinishedCallback)
    i.HAL_TIM_PeriodElapsedCallback          0x080039a2   Section        0  stm32f0xx_hal_tim.o(i.HAL_TIM_PeriodElapsedCallback)
    i.HAL_TIM_TriggerCallback                0x080039a4   Section        0  stm32f0xx_hal_tim.o(i.HAL_TIM_TriggerCallback)
    i.HAL_UARTEx_WakeupCallback              0x080039a6   Section        0  stm32f0xx_hal_uart_ex.o(i.HAL_UARTEx_WakeupCallback)
    i.HAL_UART_ErrorCallback                 0x080039a8   Section        0  stm32f0xx_hal_uart.o(i.HAL_UART_ErrorCallback)
    i.HAL_UART_IRQHandler                    0x080039aa   Section        0  stm32f0xx_hal_uart_ex.o(i.HAL_UART_IRQHandler)
    i.HAL_UART_Init                          0x08003af8   Section        0  stm32f0xx_hal_uart.o(i.HAL_UART_Init)
    i.HAL_UART_MspInit                       0x08003bf4   Section        0  stm32f0xx_hal_msp.o(i.HAL_UART_MspInit)
    i.HAL_UART_Receive_IT                    0x08003cbc   Section        0  stm32f0xx_hal_uart.o(i.HAL_UART_Receive_IT)
    i.HAL_UART_RxCpltCallback                0x08003d90   Section        0  stm32f0xx_hal_uart.o(i.HAL_UART_RxCpltCallback)
    i.HAL_UART_Transmit                      0x08003d92   Section        0  stm32f0xx_hal_uart.o(i.HAL_UART_Transmit)
    i.HAL_UART_TxCpltCallback                0x08003e80   Section        0  stm32f0xx_hal_uart.o(i.HAL_UART_TxCpltCallback)
    i.HardFault_Handler                      0x08003e82   Section        0  stm32f0xx_it.o(i.HardFault_Handler)
    i.MX_ADC_Init                            0x08003e88   Section        0  main.o(i.MX_ADC_Init)
    MX_ADC_Init                              0x08003e89   Thumb Code    74  main.o(i.MX_ADC_Init)
    i.MX_GPIO_Init                           0x08003edc   Section        0  main.o(i.MX_GPIO_Init)
    MX_GPIO_Init                             0x08003edd   Thumb Code   236  main.o(i.MX_GPIO_Init)
    i.MX_TIM3_Init                           0x08003fd4   Section        0  main.o(i.MX_TIM3_Init)
    MX_TIM3_Init                             0x08003fd5   Thumb Code    60  main.o(i.MX_TIM3_Init)
    i.MX_USART1_UART_Init                    0x08004018   Section        0  main.o(i.MX_USART1_UART_Init)
    MX_USART1_UART_Init                      0x08004019   Thumb Code    50  main.o(i.MX_USART1_UART_Init)
    i.MX_USART2_UART_Init                    0x08004054   Section        0  main.o(i.MX_USART2_UART_Init)
    MX_USART2_UART_Init                      0x08004055   Thumb Code    50  main.o(i.MX_USART2_UART_Init)
    i.NMI_Handler                            0x08004090   Section        0  stm32f0xx_it.o(i.NMI_Handler)
    i.NVIC_SetPriority                       0x08004094   Section        0  stm32f0xx_hal_cortex.o(i.NVIC_SetPriority)
    NVIC_SetPriority                         0x08004095   Thumb Code   110  stm32f0xx_hal_cortex.o(i.NVIC_SetPriority)
    i.Power_On                               0x0800410c   Section        0  main.o(i.Power_On)
    i.ReadBett                               0x08004430   Section        0  network.o(i.ReadBett)
    i.SsendATcommand                         0x080044bc   Section        0  main.o(i.SsendATcommand)
    i.SysTick_Handler                        0x0800451c   Section        0  stm32f0xx_it.o(i.SysTick_Handler)
    i.SystemClock_Config                     0x08004528   Section        0  main.o(i.SystemClock_Config)
    i.SystemInit                             0x080045a0   Section        0  system_stm32f0xx.o(i.SystemInit)
    i.TIM3_IRQHandler                        0x08004614   Section        0  stm32f0xx_it.o(i.TIM3_IRQHandler)
    i.TIM_Base_SetConfig                     0x08004624   Section        0  stm32f0xx_hal_tim.o(i.TIM_Base_SetConfig)
    i.TIM_ETR_SetConfig                      0x080046c8   Section        0  stm32f0xx_hal_tim.o(i.TIM_ETR_SetConfig)
    TIM_ETR_SetConfig                        0x080046c9   Thumb Code    30  stm32f0xx_hal_tim.o(i.TIM_ETR_SetConfig)
    i.TIM_ITRx_SetConfig                     0x080046e6   Section        0  stm32f0xx_hal_tim.o(i.TIM_ITRx_SetConfig)
    TIM_ITRx_SetConfig                       0x080046e7   Thumb Code    26  stm32f0xx_hal_tim.o(i.TIM_ITRx_SetConfig)
    i.TIM_TI1_ConfigInputStage               0x08004700   Section        0  stm32f0xx_hal_tim.o(i.TIM_TI1_ConfigInputStage)
    TIM_TI1_ConfigInputStage                 0x08004701   Thumb Code    54  stm32f0xx_hal_tim.o(i.TIM_TI1_ConfigInputStage)
    i.TIM_TI2_ConfigInputStage               0x08004736   Section        0  stm32f0xx_hal_tim.o(i.TIM_TI2_ConfigInputStage)
    TIM_TI2_ConfigInputStage                 0x08004737   Thumb Code    54  stm32f0xx_hal_tim.o(i.TIM_TI2_ConfigInputStage)
    i.UART_AdvFeatureConfig                  0x0800476c   Section        0  stm32f0xx_hal_uart.o(i.UART_AdvFeatureConfig)
    i.UART_CheckIdleState                    0x080049c4   Section        0  stm32f0xx_hal_uart.o(i.UART_CheckIdleState)
    i.UART_EndTransmit_IT                    0x08004a30   Section        0  stm32f0xx_hal_uart.o(i.UART_EndTransmit_IT)
    i.UART_Receive_IT                        0x08004a60   Section        0  stm32f0xx_hal_uart.o(i.UART_Receive_IT)
    i.UART_SetConfig                         0x08004b08   Section        0  stm32f0xx_hal_uart.o(i.UART_SetConfig)
    i.UART_Transmit_IT                       0x08004e00   Section        0  stm32f0xx_hal_uart.o(i.UART_Transmit_IT)
    i.UART_WaitOnFlagUntilTimeout            0x08004e7a   Section        0  stm32f0xx_hal_uart.o(i.UART_WaitOnFlagUntilTimeout)
    i.USART1_IRQHandler                      0x08004f78   Section        0  stm32f0xx_it.o(i.USART1_IRQHandler)
    i.USART2_IRQHandler                      0x08004f8c   Section        0  stm32f0xx_it.o(i.USART2_IRQHandler)
    i.__0sprintf                             0x08004fa0   Section        0  printfa.o(i.__0sprintf)
    i.__0vsprintf                            0x08004fc8   Section        0  printfa.o(i.__0vsprintf)
    i.__ARM_clz                              0x08004fec   Section        0  depilogue.o(i.__ARM_clz)
    i.__aeabi_errno_addr                     0x0800501c   Section        0  errno.o(i.__aeabi_errno_addr)
    i.__read_errno                           0x08005024   Section        0  errno.o(i.__read_errno)
    i.__scatterload_copy                     0x08005030   Section       14  handlers.o(i.__scatterload_copy)
    i.__scatterload_null                     0x0800503e   Section        2  handlers.o(i.__scatterload_null)
    i.__scatterload_zeroinit                 0x08005040   Section       14  handlers.o(i.__scatterload_zeroinit)
    i.__set_errno                            0x08005050   Section        0  errno.o(i.__set_errno)
    i._fp_digits                             0x0800505c   Section        0  printfa.o(i._fp_digits)
    _fp_digits                               0x0800505d   Thumb Code   316  printfa.o(i._fp_digits)
    i._is_digit                              0x080051b4   Section        0  scanf_fp.o(i._is_digit)
    i._printf_core                           0x080051c4   Section        0  printfa.o(i._printf_core)
    _printf_core                             0x080051c5   Thumb Code  1754  printfa.o(i._printf_core)
    i._printf_post_padding                   0x080058b0   Section        0  printfa.o(i._printf_post_padding)
    _printf_post_padding                     0x080058b1   Thumb Code    32  printfa.o(i._printf_post_padding)
    i._printf_pre_padding                    0x080058d0   Section        0  printfa.o(i._printf_pre_padding)
    _printf_pre_padding                      0x080058d1   Thumb Code    44  printfa.o(i._printf_pre_padding)
    i._sputc                                 0x080058fc   Section        0  printfa.o(i._sputc)
    _sputc                                   0x080058fd   Thumb Code    10  printfa.o(i._sputc)
    i.assert_failed                          0x08005906   Section        0  main.o(i.assert_failed)
    i.atof                                   0x08005908   Section        0  atof.o(i.atof)
    i.convert2Degrees                        0x08005934   Section        0  network.o(i.convert2Degrees)
    i.gsm_read                               0x08005b30   Section        0  gsm.o(i.gsm_read)
    i.gsm_read_gps                           0x08005b4c   Section        0  gsm.o(i.gsm_read_gps)
    i.gsm_read_signal                        0x08005df4   Section        0  gsm.o(i.gsm_read_signal)
    i.gsm_write                              0x08005f1c   Section        0  gsm.o(i.gsm_write)
    i.main                                   0x08005f34   Section        0  main.o(i.main)
    i.mqtt_ack_ping                          0x08005fe0   Section        0  mqtt_ptc.o(i.mqtt_ack_ping)
    i.mqtt_callback                          0x08006118   Section        0  mqtt_ptc.o(i.mqtt_callback)
    i.mqtt_connect                           0x08006230   Section        0  mqtt_ptc.o(i.mqtt_connect)
    i.mqtt_parser                            0x080065a0   Section        0  mqtt_ptc.o(i.mqtt_parser)
    i.mqtt_ping                              0x08006a40   Section        0  mqtt_ptc.o(i.mqtt_ping)
    i.mqtt_publish                           0x08006bc4   Section        0  mqtt_ptc.o(i.mqtt_publish)
    i.mqtt_subscribe                         0x08006de8   Section        0  mqtt_ptc.o(i.mqtt_subscribe)
    i.net_callback                           0x08007014   Section        0  network.o(i.net_callback)
    i.net_connect                            0x08007130   Section        0  network.o(i.net_connect)
    i.net_ptc                                0x08007848   Section        0  network.o(i.net_ptc)
    i.net_run                                0x08007854   Section        0  network.o(i.net_run)
    i.print_debug                            0x08007bfc   Section        0  print_debug.o(i.print_debug)
    i.print_hex_ascii_line                   0x08007c3c   Section        0  print_debug.o(i.print_hex_ascii_line)
    print_hex_ascii_line                     0x08007c3d   Thumb Code   168  print_debug.o(i.print_hex_ascii_line)
    i.print_init                             0x08007d00   Section        0  print_debug.o(i.print_init)
    i.print_payload                          0x08007d0c   Section        0  print_debug.o(i.print_payload)
    i.uart1_callback                         0x08007d9c   Section        0  uart1_manag.o(i.uart1_callback)
    i.uart1_flush                            0x08007e10   Section        0  uart1_manag.o(i.uart1_flush)
    i.uart1_read                             0x08007e20   Section        0  uart1_manag.o(i.uart1_read)
    i.uart1_write                            0x08007ef8   Section        0  uart1_manag.o(i.uart1_write)
    i.uart2_callback                         0x08007f18   Section        0  uart2_manag.o(i.uart2_callback)
    .constdata                               0x08007f8c   Section       16  stm32f0xx_hal_rcc.o(.constdata)
    .constdata                               0x08007f9c   Section       64  network.o(.constdata)
    .constdata                               0x08007fdc   Section      129  ctype_o.o(.constdata)
    .constdata                               0x08008060   Section        4  ctype_o.o(.constdata)
    table                                    0x08008060   Data           4  ctype_o.o(.constdata)
    .data                                    0x20000000   Section        4  stm32f0xx_it.o(.data)
    .data                                    0x20000004   Section        4  system_stm32f0xx.o(.data)
    .data                                    0x20000008   Section        4  stm32f0xx_hal.o(.data)
    uwTick                                   0x20000008   Data           4  stm32f0xx_hal.o(.data)
    .data                                    0x2000000c   Section        4  print_debug.o(.data)
    .data                                    0x20000010   Section        5  uart1_manag.o(.data)
    .data                                    0x20000015   Section        5  uart2_manag.o(.data)
    .data                                    0x2000001a   Section        2  network.o(.data)
    .data                                    0x2000001c   Section        5  mqtt_ptc.o(.data)
    .data                                    0x20000024   Section        4  strtok.o(.data)
    state                                    0x20000024   Data           4  strtok.o(.data)
    .data                                    0x20000028   Section        4  errno.o(.data)
    _errno                                   0x20000028   Data           4  errno.o(.data)
    .bss                                     0x2000002c   Section     1688  main.o(.bss)
    .bss                                     0x200006c8   Section       84  gsm.o(.bss)
    .bss                                     0x2000071c   Section     1284  mqtt_ptc.o(.bss)
    STACK                                    0x20000c20   Section     1024  startup_stm32f051x8.o(STACK)

    Global Symbols

    Symbol Name                              Value     Ov Type        Size  Object(Section)

    BuildAttributes$$THM_ISAv3M$S$PE$A:L22$X:L11$S22$IEEE1$IW$USESV6$~STKCKD$USESV7$~SHL$OTIME$ROPI$IEEEJ$EBA8$MICROLIB$REQ8$PRES8$EABIv2 0x00000000   Number         0  anon$$obj.o ABSOLUTE
    __ARM_use_no_argv                        0x00000000   Number         0  main.o ABSOLUTE
    _printf_a                                0x00000000   Number         0  stubs.o ABSOLUTE
    _printf_c                                0x00000000   Number         0  stubs.o ABSOLUTE
    _printf_charcount                        0x00000000   Number         0  stubs.o ABSOLUTE
    _printf_d                                0x00000000   Number         0  stubs.o ABSOLUTE
    _printf_e                                0x00000000   Number         0  stubs.o ABSOLUTE
    _printf_f                                0x00000000   Number         0  stubs.o ABSOLUTE
    _printf_flags                            0x00000000   Number         0  stubs.o ABSOLUTE
    _printf_fp_dec                           0x00000000   Number         0  stubs.o ABSOLUTE
    _printf_fp_hex                           0x00000000   Number         0  stubs.o ABSOLUTE
    _printf_g                                0x00000000   Number         0  stubs.o ABSOLUTE
    _printf_i                                0x00000000   Number         0  stubs.o ABSOLUTE
    _printf_int_dec                          0x00000000   Number         0  stubs.o ABSOLUTE
    _printf_l                                0x00000000   Number         0  stubs.o ABSOLUTE
    _printf_lc                               0x00000000   Number         0  stubs.o ABSOLUTE
    _printf_ll                               0x00000000   Number         0  stubs.o ABSOLUTE
    _printf_lld                              0x00000000   Number         0  stubs.o ABSOLUTE
    _printf_lli                              0x00000000   Number         0  stubs.o ABSOLUTE
    _printf_llo                              0x00000000   Number         0  stubs.o ABSOLUTE
    _printf_llu                              0x00000000   Number         0  stubs.o ABSOLUTE
    _printf_llx                              0x00000000   Number         0  stubs.o ABSOLUTE
    _printf_longlong_dec                     0x00000000   Number         0  stubs.o ABSOLUTE
    _printf_longlong_hex                     0x00000000   Number         0  stubs.o ABSOLUTE
    _printf_longlong_oct                     0x00000000   Number         0  stubs.o ABSOLUTE
    _printf_ls                               0x00000000   Number         0  stubs.o ABSOLUTE
    _printf_mbtowc                           0x00000000   Number         0  stubs.o ABSOLUTE
    _printf_n                                0x00000000   Number         0  stubs.o ABSOLUTE
    _printf_o                                0x00000000   Number         0  stubs.o ABSOLUTE
    _printf_p                                0x00000000   Number         0  stubs.o ABSOLUTE
    _printf_percent                          0x00000000   Number         0  stubs.o ABSOLUTE
    _printf_pre_padding                      0x00000000   Number         0  stubs.o ABSOLUTE
    _printf_return_value                     0x00000000   Number         0  stubs.o ABSOLUTE
    _printf_s                                0x00000000   Number         0  stubs.o ABSOLUTE
    _printf_sizespec                         0x00000000   Number         0  stubs.o ABSOLUTE
    _printf_str                              0x00000000   Number         0  stubs.o ABSOLUTE
    _printf_truncate_signed                  0x00000000   Number         0  stubs.o ABSOLUTE
    _printf_truncate_unsigned                0x00000000   Number         0  stubs.o ABSOLUTE
    _printf_u                                0x00000000   Number         0  stubs.o ABSOLUTE
    _printf_wc                               0x00000000   Number         0  stubs.o ABSOLUTE
    _printf_wctomb                           0x00000000   Number         0  stubs.o ABSOLUTE
    _printf_widthprec                        0x00000000   Number         0  stubs.o ABSOLUTE
    _printf_x                                0x00000000   Number         0  stubs.o ABSOLUTE
    __cpp_initialize__aeabi_                  - Undefined Weak Reference
    __cxa_finalize                            - Undefined Weak Reference
    __decompress                              - Undefined Weak Reference
    _clock_init                               - Undefined Weak Reference
    _microlib_exit                            - Undefined Weak Reference
    __Vectors_Size                           0x000000bc   Number         0  startup_stm32f051x8.o ABSOLUTE
    __Vectors                                0x08000000   Data           4  startup_stm32f051x8.o(RESET)
    __Vectors_End                            0x080000bc   Data           0  startup_stm32f051x8.o(RESET)
    __main                                   0x080000bd   Thumb Code     0  entry.o(.ARM.Collect$$$$00000000)
    _main_stk                                0x080000bd   Thumb Code     0  entry2.o(.ARM.Collect$$$$00000001)
    _main_scatterload                        0x080000c1   Thumb Code     0  entry5.o(.ARM.Collect$$$$00000004)
    __main_after_scatterload                 0x080000c5   Thumb Code     0  entry5.o(.ARM.Collect$$$$00000004)
    _main_clock                              0x080000c5   Thumb Code     0  entry7b.o(.ARM.Collect$$$$00000008)
    _main_cpp_init                           0x080000c5   Thumb Code     0  entry8b.o(.ARM.Collect$$$$0000000A)
    _main_init                               0x080000c5   Thumb Code     0  entry9a.o(.ARM.Collect$$$$0000000B)
    __rt_final_cpp                           0x080000cd   Thumb Code     0  entry10a.o(.ARM.Collect$$$$0000000D)
    __rt_final_exit                          0x080000cd   Thumb Code     0  entry11a.o(.ARM.Collect$$$$0000000F)
    Reset_Handler                            0x080000d1   Thumb Code     8  startup_stm32f051x8.o(.text)
    SVC_Handler                              0x080000dd   Thumb Code     2  startup_stm32f051x8.o(.text)
    PendSV_Handler                           0x080000df   Thumb Code     2  startup_stm32f051x8.o(.text)
    CEC_IRQHandler                           0x080000e3   Thumb Code     0  startup_stm32f051x8.o(.text)
    DMA1_Channel1_IRQHandler                 0x080000e3   Thumb Code     0  startup_stm32f051x8.o(.text)
    DMA1_Channel2_3_IRQHandler               0x080000e3   Thumb Code     0  startup_stm32f051x8.o(.text)
    DMA1_Channel4_5_IRQHandler               0x080000e3   Thumb Code     0  startup_stm32f051x8.o(.text)
    EXTI0_1_IRQHandler                       0x080000e3   Thumb Code     0  startup_stm32f051x8.o(.text)
    EXTI2_3_IRQHandler                       0x080000e3   Thumb Code     0  startup_stm32f051x8.o(.text)
    FLASH_IRQHandler                         0x080000e3   Thumb Code     0  startup_stm32f051x8.o(.text)
    I2C1_IRQHandler                          0x080000e3   Thumb Code     0  startup_stm32f051x8.o(.text)
    I2C2_IRQHandler                          0x080000e3   Thumb Code     0  startup_stm32f051x8.o(.text)
    PVD_IRQHandler                           0x080000e3   Thumb Code     0  startup_stm32f051x8.o(.text)
    RCC_IRQHandler                           0x080000e3   Thumb Code     0  startup_stm32f051x8.o(.text)
    RTC_IRQHandler                           0x080000e3   Thumb Code     0  startup_stm32f051x8.o(.text)
    SPI1_IRQHandler                          0x080000e3   Thumb Code     0  startup_stm32f051x8.o(.text)
    SPI2_IRQHandler                          0x080000e3   Thumb Code     0  startup_stm32f051x8.o(.text)
    TIM14_IRQHandler                         0x080000e3   Thumb Code     0  startup_stm32f051x8.o(.text)
    TIM15_IRQHandler                         0x080000e3   Thumb Code     0  startup_stm32f051x8.o(.text)
    TIM16_IRQHandler                         0x080000e3   Thumb Code     0  startup_stm32f051x8.o(.text)
    TIM17_IRQHandler                         0x080000e3   Thumb Code     0  startup_stm32f051x8.o(.text)
    TIM1_BRK_UP_TRG_COM_IRQHandler           0x080000e3   Thumb Code     0  startup_stm32f051x8.o(.text)
    TIM1_CC_IRQHandler                       0x080000e3   Thumb Code     0  startup_stm32f051x8.o(.text)
    TIM2_IRQHandler                          0x080000e3   Thumb Code     0  startup_stm32f051x8.o(.text)
    TIM6_DAC_IRQHandler                      0x080000e3   Thumb Code     0  startup_stm32f051x8.o(.text)
    TSC_IRQHandler                           0x080000e3   Thumb Code     0  startup_stm32f051x8.o(.text)
    WWDG_IRQHandler                          0x080000e3   Thumb Code     0  startup_stm32f051x8.o(.text)
    __aeabi_uidiv                            0x080000ed   Thumb Code     0  uidiv.o(.text)
    __aeabi_uidivmod                         0x080000ed   Thumb Code    44  uidiv.o(.text)
    __aeabi_idiv                             0x08000119   Thumb Code     0  idiv.o(.text)
    __aeabi_idivmod                          0x08000119   Thumb Code    40  idiv.o(.text)
    __aeabi_llsr                             0x08000141   Thumb Code    34  llushr.o(.text)
    _ll_ushift_r                             0x08000141   Thumb Code     0  llushr.o(.text)
    __rt_ctype_table                         0x08000165   Thumb Code     4  ctype_o.o(.text)
    isspace                                  0x0800016d   Thumb Code    18  isspace_o.o(.text)
    __aeabi_memcpy                           0x0800017f   Thumb Code    36  memcpya.o(.text)
    __aeabi_memcpy4                          0x0800017f   Thumb Code     0  memcpya.o(.text)
    __aeabi_memcpy8                          0x0800017f   Thumb Code     0  memcpya.o(.text)
    __aeabi_memset                           0x080001a3   Thumb Code    14  memseta.o(.text)
    __aeabi_memset4                          0x080001a3   Thumb Code     0  memseta.o(.text)
    __aeabi_memset8                          0x080001a3   Thumb Code     0  memseta.o(.text)
    __aeabi_memclr                           0x080001b1   Thumb Code     4  memseta.o(.text)
    __aeabi_memclr4                          0x080001b1   Thumb Code     0  memseta.o(.text)
    __aeabi_memclr8                          0x080001b1   Thumb Code     0  memseta.o(.text)
    _memset$wrapper                          0x080001b5   Thumb Code    18  memseta.o(.text)
    strstr                                   0x080001c7   Thumb Code    40  strstr.o(.text)
    strlen                                   0x080001ef   Thumb Code    14  strlen.o(.text)
    strcpy                                   0x080001fd   Thumb Code    18  strcpy.o(.text)
    strncmp                                  0x0800020f   Thumb Code    30  strncmp.o(.text)
    strtok                                   0x0800022d   Thumb Code    68  strtok.o(.text)
    atoi                                     0x08000275   Thumb Code    26  atoi.o(.text)
    __aeabi_fadd                             0x0800028f   Thumb Code   162  fadd.o(.text)
    __aeabi_fsub                             0x08000331   Thumb Code     8  fadd.o(.text)
    __aeabi_frsub                            0x08000339   Thumb Code     8  fadd.o(.text)
    __aeabi_fmul                             0x08000341   Thumb Code   122  fmul.o(.text)
    __aeabi_fdiv                             0x080003bb   Thumb Code   124  fdiv.o(.text)
    __aeabi_dmul                             0x08000439   Thumb Code   202  dmul.o(.text)
    __aeabi_i2f                              0x08000509   Thumb Code    22  fflti.o(.text)
    __aeabi_f2iz                             0x0800051f   Thumb Code    50  ffixi.o(.text)
    __aeabi_f2d                              0x08000551   Thumb Code    40  f2d.o(.text)
    __aeabi_d2f                              0x08000579   Thumb Code    56  d2f.o(.text)
    __aeabi_cfcmpeq                          0x080005b1   Thumb Code     0  cfcmple.o(.text)
    __aeabi_cfcmple                          0x080005b1   Thumb Code    20  cfcmple.o(.text)
    __aeabi_uldivmod                         0x080005c5   Thumb Code    96  uldiv.o(.text)
    __strtod_int                             0x0800065b   Thumb Code    92  strtod.o(.text)
    strtol                                   0x080006c9   Thumb Code   108  strtol.o(.text)
    __I$use$fp                               0x08000739   Thumb Code     0  iusefp.o(.text)
    _float_round                             0x08000739   Thumb Code    16  fepilogue.o(.text)
    _float_epilogue                          0x08000749   Thumb Code   114  fepilogue.o(.text)
    _double_round                            0x080007bb   Thumb Code    26  depilogue.o(.text)
    _double_epilogue                         0x080007d5   Thumb Code   164  depilogue.o(.text)
    __aeabi_dadd                             0x08000879   Thumb Code   328  dadd.o(.text)
    __aeabi_dsub                             0x080009c1   Thumb Code    12  dadd.o(.text)
    __aeabi_drsub                            0x080009cd   Thumb Code    12  dadd.o(.text)
    __aeabi_ddiv                             0x080009dd   Thumb Code   234  ddiv.o(.text)
    __aeabi_d2ulz                            0x08000acd   Thumb Code    54  dfixul.o(.text)
    __aeabi_cdrcmple                         0x08000b0d   Thumb Code    38  cdrcmple.o(.text)
    __scatterload                            0x08000b35   Thumb Code    28  init.o(.text)
    __scatterload_rt2                        0x08000b35   Thumb Code     0  init.o(.text)
    __aeabi_llsl                             0x08000b59   Thumb Code    32  llshl.o(.text)
    _ll_shift_l                              0x08000b59   Thumb Code     0  llshl.o(.text)
    __aeabi_lasr                             0x08000b79   Thumb Code    38  llsshr.o(.text)
    _ll_sshift_r                             0x08000b79   Thumb Code     0  llsshr.o(.text)
    _scanf_real                              0x08000c97   Thumb Code     0  scanf_fp.o(.text)
    _scanf_really_real                       0x08000c97   Thumb Code   586  scanf_fp.o(.text)
    _sgetc                                   0x08000eed   Thumb Code    32  _sgetc.o(.text)
    _sbackspace                              0x08000f0d   Thumb Code    36  _sgetc.o(.text)
    _strtoul                                 0x08000f31   Thumb Code   166  _strtoul.o(.text)
    __aeabi_lmul                             0x08000fd7   Thumb Code   122  llmul.o(.text)
    _ll_mul                                  0x08000fd7   Thumb Code     0  llmul.o(.text)
    _chval                                   0x08001051   Thumb Code    30  _chval.o(.text)
    __aeabi_ul2d                             0x08001071   Thumb Code    22  dfltul.o(.text)
    ADC1_COMP_IRQHandler                     0x0800108d   Thumb Code    10  stm32f0xx_it.o(i.ADC1_COMP_IRQHandler)
    EXTI4_15_IRQHandler                      0x08001171   Thumb Code    16  stm32f0xx_it.o(i.EXTI4_15_IRQHandler)
    Get_ADC                                  0x08001185   Thumb Code    32  network.o(i.Get_ADC)
    HAL_ADC_ConfigChannel                    0x080011ad   Thumb Code   644  stm32f0xx_hal_adc.o(i.HAL_ADC_ConfigChannel)
    HAL_ADC_ConvCpltCallback                 0x08001481   Thumb Code     2  stm32f0xx_hal_adc.o(i.HAL_ADC_ConvCpltCallback)
    HAL_ADC_ErrorCallback                    0x08001483   Thumb Code     2  stm32f0xx_hal_adc.o(i.HAL_ADC_ErrorCallback)
    HAL_ADC_GetValue                         0x08001485   Thumb Code    28  stm32f0xx_hal_adc.o(i.HAL_ADC_GetValue)
    HAL_ADC_IRQHandler                       0x080014e1   Thumb Code   350  stm32f0xx_hal_adc.o(i.HAL_ADC_IRQHandler)
    HAL_ADC_Init                             0x08001681   Thumb Code   856  stm32f0xx_hal_adc.o(i.HAL_ADC_Init)
    HAL_ADC_LevelOutOfWindowCallback         0x08001a1d   Thumb Code     2  stm32f0xx_hal_adc.o(i.HAL_ADC_LevelOutOfWindowCallback)
    HAL_ADC_MspInit                          0x08001a21   Thumb Code    82  stm32f0xx_hal_msp.o(i.HAL_ADC_MspInit)
    HAL_ADC_Start                            0x08001a81   Thumb Code   132  stm32f0xx_hal_adc.o(i.HAL_ADC_Start)
    HAL_Delay                                0x08001b49   Thumb Code    26  stm32f0xx_hal.o(i.HAL_Delay)
    HAL_GPIO_EXTI_Callback                   0x08001b63   Thumb Code     2  stm32f0xx_hal_gpio.o(i.HAL_GPIO_EXTI_Callback)
    HAL_GPIO_EXTI_IRQHandler                 0x08001b65   Thumb Code    26  stm32f0xx_hal_gpio.o(i.HAL_GPIO_EXTI_IRQHandler)
    HAL_GPIO_Init                            0x08001b85   Thumb Code   726  stm32f0xx_hal_gpio.o(i.HAL_GPIO_Init)
    HAL_GPIO_ReadPin                         0x08001ecd   Thumb Code    42  stm32f0xx_hal_gpio.o(i.HAL_GPIO_ReadPin)
    HAL_GPIO_WritePin                        0x08001f35   Thumb Code    58  stm32f0xx_hal_gpio.o(i.HAL_GPIO_WritePin)
    HAL_GetTick                              0x08001fad   Thumb Code     6  stm32f0xx_hal.o(i.HAL_GetTick)
    HAL_IncTick                              0x08001fb9   Thumb Code    12  stm32f0xx_hal.o(i.HAL_IncTick)
    HAL_Init                                 0x08001fc9   Thumb Code    28  stm32f0xx_hal.o(i.HAL_Init)
    HAL_InitTick                             0x08001fe9   Thumb Code    38  stm32f0xx_hal.o(i.HAL_InitTick)
    HAL_MspInit                              0x08002011   Thumb Code    42  stm32f0xx_hal_msp.o(i.HAL_MspInit)
    HAL_NVIC_EnableIRQ                       0x08002041   Thumb Code    36  stm32f0xx_hal_cortex.o(i.HAL_NVIC_EnableIRQ)
    HAL_NVIC_SetPriority                     0x080020a5   Thumb Code    32  stm32f0xx_hal_cortex.o(i.HAL_NVIC_SetPriority)
    HAL_RCCEx_PeriphCLKConfig                0x08002101   Thumb Code   450  stm32f0xx_hal_rcc_ex.o(i.HAL_RCCEx_PeriphCLKConfig)
    HAL_RCC_ClockConfig                      0x08002311   Thumb Code   586  stm32f0xx_hal_rcc.o(i.HAL_RCC_ClockConfig)
    HAL_RCC_GetHCLKFreq                      0x080025a5   Thumb Code    32  stm32f0xx_hal_rcc.o(i.HAL_RCC_GetHCLKFreq)
    HAL_RCC_GetPCLK1Freq                     0x080025d1   Thumb Code    26  stm32f0xx_hal_rcc.o(i.HAL_RCC_GetPCLK1Freq)
    HAL_RCC_GetSysClockFreq                  0x080025f5   Thumb Code   150  stm32f0xx_hal_rcc.o(i.HAL_RCC_GetSysClockFreq)
    HAL_RCC_OscConfig                        0x080026b9   Thumb Code  2104  stm32f0xx_hal_rcc.o(i.HAL_RCC_OscConfig)
    HAL_SYSTICK_CLKSourceConfig              0x08002ef1   Thumb Code    56  stm32f0xx_hal_cortex.o(i.HAL_SYSTICK_CLKSourceConfig)
    HAL_SYSTICK_Callback                     0x08002f69   Thumb Code     2  stm32f0xx_hal_cortex.o(i.HAL_SYSTICK_Callback)
    HAL_SYSTICK_Config                       0x08002f6d   Thumb Code    46  stm32f0xx_hal_cortex.o(i.HAL_SYSTICK_Config)
    HAL_SYSTICK_IRQHandler                   0x08002fa5   Thumb Code     8  stm32f0xx_hal_cortex.o(i.HAL_SYSTICK_IRQHandler)
    HAL_TIMEx_BreakCallback                  0x08002fad   Thumb Code     2  stm32f0xx_hal_tim_ex.o(i.HAL_TIMEx_BreakCallback)
    HAL_TIMEx_CommutationCallback            0x08002faf   Thumb Code     2  stm32f0xx_hal_tim_ex.o(i.HAL_TIMEx_CommutationCallback)
    HAL_TIMEx_MasterConfigSynchronization    0x08002fb1   Thumb Code   238  stm32f0xx_hal_tim_ex.o(i.HAL_TIMEx_MasterConfigSynchronization)
    HAL_TIM_Base_Init                        0x080030f1   Thumb Code   206  stm32f0xx_hal_tim.o(i.HAL_TIM_Base_Init)
    HAL_TIM_Base_MspInit                     0x08003215   Thumb Code    58  stm32f0xx_hal_msp.o(i.HAL_TIM_Base_MspInit)
    HAL_TIM_ConfigClockSource                0x08003259   Thumb Code  1382  stm32f0xx_hal_tim.o(i.HAL_TIM_ConfigClockSource)
    HAL_TIM_IC_CaptureCallback               0x080037d5   Thumb Code     2  stm32f0xx_hal_tim.o(i.HAL_TIM_IC_CaptureCallback)
    HAL_TIM_IRQHandler                       0x080037d7   Thumb Code   456  stm32f0xx_hal_tim.o(i.HAL_TIM_IRQHandler)
    HAL_TIM_OC_DelayElapsedCallback          0x0800399f   Thumb Code     2  stm32f0xx_hal_tim.o(i.HAL_TIM_OC_DelayElapsedCallback)
    HAL_TIM_PWM_PulseFinishedCallback        0x080039a1   Thumb Code     2  stm32f0xx_hal_tim.o(i.HAL_TIM_PWM_PulseFinishedCallback)
    HAL_TIM_PeriodElapsedCallback            0x080039a3   Thumb Code     2  stm32f0xx_hal_tim.o(i.HAL_TIM_PeriodElapsedCallback)
    HAL_TIM_TriggerCallback                  0x080039a5   Thumb Code     2  stm32f0xx_hal_tim.o(i.HAL_TIM_TriggerCallback)
    HAL_UARTEx_WakeupCallback                0x080039a7   Thumb Code     2  stm32f0xx_hal_uart_ex.o(i.HAL_UARTEx_WakeupCallback)
    HAL_UART_ErrorCallback                   0x080039a9   Thumb Code     2  stm32f0xx_hal_uart.o(i.HAL_UART_ErrorCallback)
    HAL_UART_IRQHandler                      0x080039ab   Thumb Code   334  stm32f0xx_hal_uart_ex.o(i.HAL_UART_IRQHandler)
    HAL_UART_Init                            0x08003af9   Thumb Code   184  stm32f0xx_hal_uart.o(i.HAL_UART_Init)
    HAL_UART_MspInit                         0x08003bf5   Thumb Code   186  stm32f0xx_hal_msp.o(i.HAL_UART_MspInit)
    HAL_UART_Receive_IT                      0x08003cbd   Thumb Code   206  stm32f0xx_hal_uart.o(i.HAL_UART_Receive_IT)
    HAL_UART_RxCpltCallback                  0x08003d91   Thumb Code     2  stm32f0xx_hal_uart.o(i.HAL_UART_RxCpltCallback)
    HAL_UART_Transmit                        0x08003d93   Thumb Code   238  stm32f0xx_hal_uart.o(i.HAL_UART_Transmit)
    HAL_UART_TxCpltCallback                  0x08003e81   Thumb Code     2  stm32f0xx_hal_uart.o(i.HAL_UART_TxCpltCallback)
    HardFault_Handler                        0x08003e83   Thumb Code     4  stm32f0xx_it.o(i.HardFault_Handler)
    NMI_Handler                              0x08004091   Thumb Code     2  stm32f0xx_it.o(i.NMI_Handler)
    Power_On                                 0x0800410d   Thumb Code   382  main.o(i.Power_On)
    ReadBett                                 0x08004431   Thumb Code    60  network.o(i.ReadBett)
    SsendATcommand                           0x080044bd   Thumb Code    92  main.o(i.SsendATcommand)
    SysTick_Handler                          0x0800451d   Thumb Code    12  stm32f0xx_it.o(i.SysTick_Handler)
    SystemClock_Config                       0x08004529   Thumb Code   120  main.o(i.SystemClock_Config)
    SystemInit                               0x080045a1   Thumb Code   104  system_stm32f0xx.o(i.SystemInit)
    TIM3_IRQHandler                          0x08004615   Thumb Code    10  stm32f0xx_it.o(i.TIM3_IRQHandler)
    TIM_Base_SetConfig                       0x08004625   Thumb Code   140  stm32f0xx_hal_tim.o(i.TIM_Base_SetConfig)
    UART_AdvFeatureConfig                    0x0800476d   Thumb Code   532  stm32f0xx_hal_uart.o(i.UART_AdvFeatureConfig)
    UART_CheckIdleState                      0x080049c5   Thumb Code   104  stm32f0xx_hal_uart.o(i.UART_CheckIdleState)
    UART_EndTransmit_IT                      0x08004a31   Thumb Code    48  stm32f0xx_hal_uart.o(i.UART_EndTransmit_IT)
    UART_Receive_IT                          0x08004a61   Thumb Code   168  stm32f0xx_hal_uart.o(i.UART_Receive_IT)
    UART_SetConfig                           0x08004b09   Thumb Code   664  stm32f0xx_hal_uart.o(i.UART_SetConfig)
    UART_Transmit_IT                         0x08004e01   Thumb Code   122  stm32f0xx_hal_uart.o(i.UART_Transmit_IT)
    UART_WaitOnFlagUntilTimeout              0x08004e7b   Thumb Code   254  stm32f0xx_hal_uart.o(i.UART_WaitOnFlagUntilTimeout)
    USART1_IRQHandler                        0x08004f79   Thumb Code    14  stm32f0xx_it.o(i.USART1_IRQHandler)
    USART2_IRQHandler                        0x08004f8d   Thumb Code    14  stm32f0xx_it.o(i.USART2_IRQHandler)
    __0sprintf                               0x08004fa1   Thumb Code    36  printfa.o(i.__0sprintf)
    __1sprintf                               0x08004fa1   Thumb Code     0  printfa.o(i.__0sprintf)
    __2sprintf                               0x08004fa1   Thumb Code     0  printfa.o(i.__0sprintf)
    __c89sprintf                             0x08004fa1   Thumb Code     0  printfa.o(i.__0sprintf)
    sprintf                                  0x08004fa1   Thumb Code     0  printfa.o(i.__0sprintf)
    __0vsprintf                              0x08004fc9   Thumb Code    30  printfa.o(i.__0vsprintf)
    __1vsprintf                              0x08004fc9   Thumb Code     0  printfa.o(i.__0vsprintf)
    __2vsprintf                              0x08004fc9   Thumb Code     0  printfa.o(i.__0vsprintf)
    __c89vsprintf                            0x08004fc9   Thumb Code     0  printfa.o(i.__0vsprintf)
    vsprintf                                 0x08004fc9   Thumb Code     0  printfa.o(i.__0vsprintf)
    __ARM_clz                                0x08004fed   Thumb Code    46  depilogue.o(i.__ARM_clz)
    __aeabi_errno_addr                       0x0800501d   Thumb Code     4  errno.o(i.__aeabi_errno_addr)
    __rt_errno_addr                          0x0800501d   Thumb Code     0  errno.o(i.__aeabi_errno_addr)
    __read_errno                             0x08005025   Thumb Code     6  errno.o(i.__read_errno)
    __scatterload_copy                       0x08005031   Thumb Code    14  handlers.o(i.__scatterload_copy)
    __scatterload_null                       0x0800503f   Thumb Code     2  handlers.o(i.__scatterload_null)
    __scatterload_zeroinit                   0x08005041   Thumb Code    14  handlers.o(i.__scatterload_zeroinit)
    __set_errno                              0x08005051   Thumb Code     6  errno.o(i.__set_errno)
    _is_digit                                0x080051b5   Thumb Code    14  scanf_fp.o(i._is_digit)
    assert_failed                            0x08005907   Thumb Code     2  main.o(i.assert_failed)
    atof                                     0x08005909   Thumb Code    42  atof.o(i.atof)
    convert2Degrees                          0x08005935   Thumb Code   474  network.o(i.convert2Degrees)
    gsm_read                                 0x08005b31   Thumb Code    28  gsm.o(i.gsm_read)
    gsm_read_gps                             0x08005b4d   Thumb Code   356  gsm.o(i.gsm_read_gps)
    gsm_read_signal                          0x08005df5   Thumb Code   194  gsm.o(i.gsm_read_signal)
    gsm_write                                0x08005f1d   Thumb Code    22  gsm.o(i.gsm_write)
    main                                     0x08005f35   Thumb Code   148  main.o(i.main)
    mqtt_ack_ping                            0x08005fe1   Thumb Code   198  mqtt_ptc.o(i.mqtt_ack_ping)
    mqtt_callback                            0x08006119   Thumb Code   170  mqtt_ptc.o(i.mqtt_callback)
    mqtt_connect                             0x08006231   Thumb Code   656  mqtt_ptc.o(i.mqtt_connect)
    mqtt_parser                              0x080065a1   Thumb Code   564  mqtt_ptc.o(i.mqtt_parser)
    mqtt_ping                                0x08006a41   Thumb Code   242  mqtt_ptc.o(i.mqtt_ping)
    mqtt_publish                             0x08006bc5   Thumb Code   388  mqtt_ptc.o(i.mqtt_publish)
    mqtt_subscribe                           0x08006de9   Thumb Code   396  mqtt_ptc.o(i.mqtt_subscribe)
    net_callback                             0x08007015   Thumb Code   152  network.o(i.net_callback)
    net_connect                              0x08007131   Thumb Code  1754  network.o(i.net_connect)
    net_ptc                                  0x08007849   Thumb Code     6  network.o(i.net_ptc)
    net_run                                  0x08007855   Thumb Code   672  network.o(i.net_run)
    print_debug                              0x08007bfd   Thumb Code    60  print_debug.o(i.print_debug)
    print_init                               0x08007d01   Thumb Code     6  print_debug.o(i.print_init)
    print_payload                            0x08007d0d   Thumb Code   116  print_debug.o(i.print_payload)
    uart1_callback                           0x08007d9d   Thumb Code    76  uart1_manag.o(i.uart1_callback)
    uart1_flush                              0x08007e11   Thumb Code    12  uart1_manag.o(i.uart1_flush)
    uart1_read                               0x08007e21   Thumb Code   184  uart1_manag.o(i.uart1_read)
    uart1_write                              0x08007ef9   Thumb Code    26  uart1_manag.o(i.uart1_write)
    uart2_callback                           0x08007f19   Thumb Code    84  uart2_manag.o(i.uart2_callback)
    aAPBAHBPrescTable                        0x08007f8c   Data          16  stm32f0xx_hal_rcc.o(.constdata)
    __ctype_table                            0x08007fdc   Data         129  ctype_o.o(.constdata)
    Region$$Table$$Base                      0x08008064   Number         0  anon$$obj.o(Region$$Table)
    Region$$Table$$Limit                     0x08008084   Number         0  anon$$obj.o(Region$$Table)
    FlagSendAlarm                            0x20000000   Data           4  stm32f0xx_it.o(.data)
    SystemCoreClock                          0x20000004   Data           4  system_stm32f0xx.o(.data)
    huart_intstanc                           0x2000000c   Data           4  print_debug.o(.data)
    uart_1_buff                              0x20000010   Data           5  uart1_manag.o(.data)
    uart_2_buff                              0x20000015   Data           5  uart2_manag.o(.data)
    net                                      0x2000001a   Data           2  network.o(.data)
    mqtt                                     0x2000001c   Data           4  mqtt_ptc.o(.data)
    ctrl_z                                   0x20000020   Data           1  mqtt_ptc.o(.data)
    hadc                                     0x2000002c   Data          76  main.o(.bss)
    htim3                                    0x20000078   Data          60  main.o(.bss)
    huart1                                   0x200000b4   Data         112  main.o(.bss)
    huart2                                   0x20000124   Data         112  main.o(.bss)
    data_gsm                                 0x20000194   Data         258  main.o(.bss)
    data_debug                               0x20000296   Data         258  main.o(.bss)
    recv_uart_1                              0x20000398   Data         406  main.o(.bss)
    recv_uart_2                              0x2000052e   Data         406  main.o(.bss)
    gps                                      0x200006c8   Data          24  gsm.o(.bss)
    gps_str                                  0x200006e0   Data          60  gsm.o(.bss)
    mqtt_buf                                 0x2000071c   Data         256  mqtt_ptc.o(.bss)
    mqtt_data_rx                             0x2000081c   Data        1028  mqtt_ptc.o(.bss)
    __initial_sp                             0x20001020   Data           0  startup_stm32f051x8.o(STACK)



==============================================================================

Memory Map of the image

  Image Entry point : 0x080000bd

  Load Region LR_IROM1 (Base: 0x08000000, Size: 0x000080b0, Max: 0x00010000, ABSOLUTE)

    Execution Region ER_IROM1 (Base: 0x08000000, Size: 0x00008084, Max: 0x00010000, ABSOLUTE)

    Base Addr    Size         Type   Attr      Idx    E Section Name        Object

    0x08000000   0x000000bc   Data   RO          371    RESET               startup_stm32f051x8.o
    0x080000bc   0x00000000   Code   RO         3246  * .ARM.Collect$$$$00000000  mc_p.l(entry.o)
    0x080000bc   0x00000004   Code   RO         3584    .ARM.Collect$$$$00000001  mc_p.l(entry2.o)
    0x080000c0   0x00000004   Code   RO         3587    .ARM.Collect$$$$00000004  mc_p.l(entry5.o)
    0x080000c4   0x00000000   Code   RO         3589    .ARM.Collect$$$$00000008  mc_p.l(entry7b.o)
    0x080000c4   0x00000000   Code   RO         3591    .ARM.Collect$$$$0000000A  mc_p.l(entry8b.o)
    0x080000c4   0x00000008   Code   RO         3592    .ARM.Collect$$$$0000000B  mc_p.l(entry9a.o)
    0x080000cc   0x00000000   Code   RO         3594    .ARM.Collect$$$$0000000D  mc_p.l(entry10a.o)
    0x080000cc   0x00000000   Code   RO         3596    .ARM.Collect$$$$0000000F  mc_p.l(entry11a.o)
    0x080000cc   0x00000004   Code   RO         3585    .ARM.Collect$$$$00002712  mc_p.l(entry2.o)
    0x080000d0   0x0000001c   Code   RO          372    .text               startup_stm32f051x8.o
    0x080000ec   0x0000002c   Code   RO         3249    .text               mc_p.l(uidiv.o)
    0x08000118   0x00000028   Code   RO         3251    .text               mc_p.l(idiv.o)
    0x08000140   0x00000022   Code   RO         3253    .text               mc_p.l(llushr.o)
    0x08000162   0x00000002   PAD
    0x08000164   0x00000008   Code   RO         3255    .text               mc_p.l(ctype_o.o)
    0x0800016c   0x00000012   Code   RO         3277    .text               mc_p.l(isspace_o.o)
    0x0800017e   0x00000024   Code   RO         3283    .text               mc_p.l(memcpya.o)
    0x080001a2   0x00000024   Code   RO         3285    .text               mc_p.l(memseta.o)
    0x080001c6   0x00000028   Code   RO         3287    .text               mc_p.l(strstr.o)
    0x080001ee   0x0000000e   Code   RO         3289    .text               mc_p.l(strlen.o)
    0x080001fc   0x00000012   Code   RO         3291    .text               mc_p.l(strcpy.o)
    0x0800020e   0x0000001e   Code   RO         3293    .text               mc_p.l(strncmp.o)
    0x0800022c   0x00000048   Code   RO         3295    .text               mc_p.l(strtok.o)
    0x08000274   0x0000001a   Code   RO         3564    .text               mc_p.l(atoi.o)
    0x0800028e   0x000000b2   Code   RO         3566    .text               mf_p.l(fadd.o)
    0x08000340   0x0000007a   Code   RO         3568    .text               mf_p.l(fmul.o)
    0x080003ba   0x0000007c   Code   RO         3570    .text               mf_p.l(fdiv.o)
    0x08000436   0x00000002   PAD
    0x08000438   0x000000d0   Code   RO         3572    .text               mf_p.l(dmul.o)
    0x08000508   0x00000016   Code   RO         3574    .text               mf_p.l(fflti.o)
    0x0800051e   0x00000032   Code   RO         3576    .text               mf_p.l(ffixi.o)
    0x08000550   0x00000028   Code   RO         3578    .text               mf_p.l(f2d.o)
    0x08000578   0x00000038   Code   RO         3580    .text               mf_p.l(d2f.o)
    0x080005b0   0x00000014   Code   RO         3582    .text               mf_p.l(cfcmple.o)
    0x080005c4   0x00000060   Code   RO         3601    .text               mc_p.l(uldiv.o)
    0x08000624   0x000000a4   Code   RO         3610    .text               mc_p.l(strtod.o)
    0x080006c8   0x00000070   Code   RO         3612    .text               mc_p.l(strtol.o)
    0x08000738   0x00000000   Code   RO         3614    .text               mc_p.l(iusefp.o)
    0x08000738   0x00000082   Code   RO         3615    .text               mf_p.l(fepilogue.o)
    0x080007ba   0x000000be   Code   RO         3617    .text               mf_p.l(depilogue.o)
    0x08000878   0x00000164   Code   RO         3621    .text               mf_p.l(dadd.o)
    0x080009dc   0x000000f0   Code   RO         3623    .text               mf_p.l(ddiv.o)
    0x08000acc   0x00000040   Code   RO         3625    .text               mf_p.l(dfixul.o)
    0x08000b0c   0x00000028   Code   RO         3627    .text               mf_p.l(cdrcmple.o)
    0x08000b34   0x00000024   Code   RO         3629    .text               mc_p.l(init.o)
    0x08000b58   0x00000020   Code   RO         3632    .text               mc_p.l(llshl.o)
    0x08000b78   0x00000026   Code   RO         3634    .text               mc_p.l(llsshr.o)
    0x08000b9e   0x00000002   PAD
    0x08000ba0   0x0000034c   Code   RO         3638    .text               mc_p.l(scanf_fp.o)
    0x08000eec   0x00000044   Code   RO         3642    .text               mc_p.l(_sgetc.o)
    0x08000f30   0x000000a6   Code   RO         3644    .text               mc_p.l(_strtoul.o)
    0x08000fd6   0x0000007a   Code   RO         3647    .text               mc_p.l(llmul.o)
    0x08001050   0x0000001e   Code   RO         3652    .text               mc_p.l(_chval.o)
    0x0800106e   0x00000002   PAD
    0x08001070   0x0000001c   Code   RO         3654    .text               mf_p.l(dfltul.o)
    0x0800108c   0x00000010   Code   RO          160    i.ADC1_COMP_IRQHandler  stm32f0xx_it.o
    0x0800109c   0x000000d4   Code   RO         1783    i.ADC_Enable        stm32f0xx_hal_adc.o
    0x08001170   0x00000014   Code   RO          161    i.EXTI4_15_IRQHandler  stm32f0xx_it.o
    0x08001184   0x00000028   Code   RO         3112    i.Get_ADC           network.o
    0x080011ac   0x000002d4   Code   RO         1785    i.HAL_ADC_ConfigChannel  stm32f0xx_hal_adc.o
    0x08001480   0x00000002   Code   RO         1786    i.HAL_ADC_ConvCpltCallback  stm32f0xx_hal_adc.o
    0x08001482   0x00000002   Code   RO         1789    i.HAL_ADC_ErrorCallback  stm32f0xx_hal_adc.o
    0x08001484   0x0000005c   Code   RO         1792    i.HAL_ADC_GetValue  stm32f0xx_hal_adc.o
    0x080014e0   0x000001a0   Code   RO         1793    i.HAL_ADC_IRQHandler  stm32f0xx_hal_adc.o
    0x08001680   0x0000039c   Code   RO         1794    i.HAL_ADC_Init      stm32f0xx_hal_adc.o
    0x08001a1c   0x00000002   Code   RO         1795    i.HAL_ADC_LevelOutOfWindowCallback  stm32f0xx_hal_adc.o
    0x08001a1e   0x00000002   PAD
    0x08001a20   0x00000060   Code   RO            4    i.HAL_ADC_MspInit   stm32f0xx_hal_msp.o
    0x08001a80   0x000000c8   Code   RO         1800    i.HAL_ADC_Start     stm32f0xx_hal_adc.o
    0x08001b48   0x0000001a   Code   RO         1959    i.HAL_Delay         stm32f0xx_hal.o
    0x08001b62   0x00000002   Code   RO         1440    i.HAL_GPIO_EXTI_Callback  stm32f0xx_hal_gpio.o
    0x08001b64   0x00000020   Code   RO         1441    i.HAL_GPIO_EXTI_IRQHandler  stm32f0xx_hal_gpio.o
    0x08001b84   0x00000348   Code   RO         1442    i.HAL_GPIO_Init     stm32f0xx_hal_gpio.o
    0x08001ecc   0x00000068   Code   RO         1444    i.HAL_GPIO_ReadPin  stm32f0xx_hal_gpio.o
    0x08001f34   0x00000078   Code   RO         1446    i.HAL_GPIO_WritePin  stm32f0xx_hal_gpio.o
    0x08001fac   0x0000000c   Code   RO         1963    i.HAL_GetTick       stm32f0xx_hal.o
    0x08001fb8   0x00000010   Code   RO         1964    i.HAL_IncTick       stm32f0xx_hal.o
    0x08001fc8   0x00000020   Code   RO         1965    i.HAL_Init          stm32f0xx_hal.o
    0x08001fe8   0x00000026   Code   RO         1966    i.HAL_InitTick      stm32f0xx_hal.o
    0x0800200e   0x00000002   PAD
    0x08002010   0x00000030   Code   RO            5    i.HAL_MspInit       stm32f0xx_hal_msp.o
    0x08002040   0x00000064   Code   RO         1112    i.HAL_NVIC_EnableIRQ  stm32f0xx_hal_cortex.o
    0x080020a4   0x0000005c   Code   RO         1116    i.HAL_NVIC_SetPriority  stm32f0xx_hal_cortex.o
    0x08002100   0x00000210   Code   RO         1646    i.HAL_RCCEx_PeriphCLKConfig  stm32f0xx_hal_rcc_ex.o
    0x08002310   0x00000294   Code   RO         2316    i.HAL_RCC_ClockConfig  stm32f0xx_hal_rcc.o
    0x080025a4   0x0000002c   Code   RO         2321    i.HAL_RCC_GetHCLKFreq  stm32f0xx_hal_rcc.o
    0x080025d0   0x00000024   Code   RO         2323    i.HAL_RCC_GetPCLK1Freq  stm32f0xx_hal_rcc.o
    0x080025f4   0x000000c4   Code   RO         2324    i.HAL_RCC_GetSysClockFreq  stm32f0xx_hal_rcc.o
    0x080026b8   0x00000838   Code   RO         2327    i.HAL_RCC_OscConfig  stm32f0xx_hal_rcc.o
    0x08002ef0   0x00000078   Code   RO         1118    i.HAL_SYSTICK_CLKSourceConfig  stm32f0xx_hal_cortex.o
    0x08002f68   0x00000002   Code   RO         1119    i.HAL_SYSTICK_Callback  stm32f0xx_hal_cortex.o
    0x08002f6a   0x00000002   PAD
    0x08002f6c   0x00000038   Code   RO         1120    i.HAL_SYSTICK_Config  stm32f0xx_hal_cortex.o
    0x08002fa4   0x00000008   Code   RO         1121    i.HAL_SYSTICK_IRQHandler  stm32f0xx_hal_cortex.o
    0x08002fac   0x00000002   Code   RO         1204    i.HAL_TIMEx_BreakCallback  stm32f0xx_hal_tim_ex.o
    0x08002fae   0x00000002   Code   RO         1205    i.HAL_TIMEx_CommutationCallback  stm32f0xx_hal_tim_ex.o
    0x08002fb0   0x00000140   Code   RO         1221    i.HAL_TIMEx_MasterConfigSynchronization  stm32f0xx_hal_tim_ex.o
    0x080030f0   0x00000124   Code   RO          380    i.HAL_TIM_Base_Init  stm32f0xx_hal_tim.o
    0x08003214   0x00000044   Code   RO            7    i.HAL_TIM_Base_MspInit  stm32f0xx_hal_msp.o
    0x08003258   0x0000057c   Code   RO          389    i.HAL_TIM_ConfigClockSource  stm32f0xx_hal_tim.o
    0x080037d4   0x00000002   Code   RO          409    i.HAL_TIM_IC_CaptureCallback  stm32f0xx_hal_tim.o
    0x080037d6   0x000001c8   Code   RO          422    i.HAL_TIM_IRQHandler  stm32f0xx_hal_tim.o
    0x0800399e   0x00000002   Code   RO          425    i.HAL_TIM_OC_DelayElapsedCallback  stm32f0xx_hal_tim.o
    0x080039a0   0x00000002   Code   RO          452    i.HAL_TIM_PWM_PulseFinishedCallback  stm32f0xx_hal_tim.o
    0x080039a2   0x00000002   Code   RO          459    i.HAL_TIM_PeriodElapsedCallback  stm32f0xx_hal_tim.o
    0x080039a4   0x00000002   Code   RO          463    i.HAL_TIM_TriggerCallback  stm32f0xx_hal_tim.o
    0x080039a6   0x00000002   Code   RO         2822    i.HAL_UARTEx_WakeupCallback  stm32f0xx_hal_uart_ex.o
    0x080039a8   0x00000002   Code   RO         2083    i.HAL_UART_ErrorCallback  stm32f0xx_hal_uart.o
    0x080039aa   0x0000014e   Code   RO         2823    i.HAL_UART_IRQHandler  stm32f0xx_hal_uart_ex.o
    0x08003af8   0x000000fc   Code   RO         2086    i.HAL_UART_Init     stm32f0xx_hal_uart.o
    0x08003bf4   0x000000c8   Code   RO            9    i.HAL_UART_MspInit  stm32f0xx_hal_msp.o
    0x08003cbc   0x000000d4   Code   RO         2091    i.HAL_UART_Receive_IT  stm32f0xx_hal_uart.o
    0x08003d90   0x00000002   Code   RO         2092    i.HAL_UART_RxCpltCallback  stm32f0xx_hal_uart.o
    0x08003d92   0x000000ee   Code   RO         2094    i.HAL_UART_Transmit  stm32f0xx_hal_uart.o
    0x08003e80   0x00000002   Code   RO         2097    i.HAL_UART_TxCpltCallback  stm32f0xx_hal_uart.o
    0x08003e82   0x00000004   Code   RO          162    i.HardFault_Handler  stm32f0xx_it.o
    0x08003e86   0x00000002   PAD
    0x08003e88   0x00000054   Code   RO          255    i.MX_ADC_Init       main.o
    0x08003edc   0x000000f8   Code   RO          256    i.MX_GPIO_Init      main.o
    0x08003fd4   0x00000044   Code   RO          257    i.MX_TIM3_Init      main.o
    0x08004018   0x0000003c   Code   RO          258    i.MX_USART1_UART_Init  main.o
    0x08004054   0x0000003c   Code   RO          259    i.MX_USART2_UART_Init  main.o
    0x08004090   0x00000002   Code   RO          163    i.NMI_Handler       stm32f0xx_it.o
    0x08004092   0x00000002   PAD
    0x08004094   0x00000078   Code   RO         1122    i.NVIC_SetPriority  stm32f0xx_hal_cortex.o
    0x0800410c   0x00000324   Code   RO          260    i.Power_On          main.o
    0x08004430   0x0000008c   Code   RO         3113    i.ReadBett          network.o
    0x080044bc   0x00000060   Code   RO          261    i.SsendATcommand    main.o
    0x0800451c   0x0000000c   Code   RO          164    i.SysTick_Handler   stm32f0xx_it.o
    0x08004528   0x00000078   Code   RO          262    i.SystemClock_Config  main.o
    0x080045a0   0x00000074   Code   RO          339    i.SystemInit        system_stm32f0xx.o
    0x08004614   0x00000010   Code   RO          165    i.TIM3_IRQHandler   stm32f0xx_it.o
    0x08004624   0x000000a4   Code   RO          464    i.TIM_Base_SetConfig  stm32f0xx_hal_tim.o
    0x080046c8   0x0000001e   Code   RO          471    i.TIM_ETR_SetConfig  stm32f0xx_hal_tim.o
    0x080046e6   0x0000001a   Code   RO          472    i.TIM_ITRx_SetConfig  stm32f0xx_hal_tim.o
    0x08004700   0x00000036   Code   RO          478    i.TIM_TI1_ConfigInputStage  stm32f0xx_hal_tim.o
    0x08004736   0x00000036   Code   RO          480    i.TIM_TI2_ConfigInputStage  stm32f0xx_hal_tim.o
    0x0800476c   0x00000258   Code   RO         2099    i.UART_AdvFeatureConfig  stm32f0xx_hal_uart.o
    0x080049c4   0x0000006c   Code   RO         2100    i.UART_CheckIdleState  stm32f0xx_hal_uart.o
    0x08004a30   0x00000030   Code   RO         2106    i.UART_EndTransmit_IT  stm32f0xx_hal_uart.o
    0x08004a60   0x000000a8   Code   RO         2107    i.UART_Receive_IT   stm32f0xx_hal_uart.o
    0x08004b08   0x000002f8   Code   RO         2108    i.UART_SetConfig    stm32f0xx_hal_uart.o
    0x08004e00   0x0000007a   Code   RO         2109    i.UART_Transmit_IT  stm32f0xx_hal_uart.o
    0x08004e7a   0x000000fe   Code   RO         2110    i.UART_WaitOnFlagUntilTimeout  stm32f0xx_hal_uart.o
    0x08004f78   0x00000014   Code   RO          166    i.USART1_IRQHandler  stm32f0xx_it.o
    0x08004f8c   0x00000014   Code   RO          167    i.USART2_IRQHandler  stm32f0xx_it.o
    0x08004fa0   0x00000028   Code   RO         3538    i.__0sprintf        mc_p.l(printfa.o)
    0x08004fc8   0x00000024   Code   RO         3542    i.__0vsprintf       mc_p.l(printfa.o)
    0x08004fec   0x0000002e   Code   RO         3619    i.__ARM_clz         mf_p.l(depilogue.o)
    0x0800501a   0x00000002   PAD
    0x0800501c   0x00000008   Code   RO         3603    i.__aeabi_errno_addr  mc_p.l(errno.o)
    0x08005024   0x0000000c   Code   RO         3604    i.__read_errno      mc_p.l(errno.o)
    0x08005030   0x0000000e   Code   RO         3658    i.__scatterload_copy  mc_p.l(handlers.o)
    0x0800503e   0x00000002   Code   RO         3659    i.__scatterload_null  mc_p.l(handlers.o)
    0x08005040   0x0000000e   Code   RO         3660    i.__scatterload_zeroinit  mc_p.l(handlers.o)
    0x0800504e   0x00000002   PAD
    0x08005050   0x0000000c   Code   RO         3605    i.__set_errno       mc_p.l(errno.o)
    0x0800505c   0x00000158   Code   RO         3543    i._fp_digits        mc_p.l(printfa.o)
    0x080051b4   0x0000000e   Code   RO         3640    i._is_digit         mc_p.l(scanf_fp.o)
    0x080051c2   0x00000002   PAD
    0x080051c4   0x000006ec   Code   RO         3544    i._printf_core      mc_p.l(printfa.o)
    0x080058b0   0x00000020   Code   RO         3545    i._printf_post_padding  mc_p.l(printfa.o)
    0x080058d0   0x0000002c   Code   RO         3546    i._printf_pre_padding  mc_p.l(printfa.o)
    0x080058fc   0x0000000a   Code   RO         3548    i._sputc            mc_p.l(printfa.o)
    0x08005906   0x00000002   Code   RO          263    i.assert_failed     main.o
    0x08005908   0x0000002a   Code   RO         3243    i.atof              m_ps.l(atof.o)
    0x08005932   0x00000002   PAD
    0x08005934   0x000001fc   Code   RO         3114    i.convert2Degrees   network.o
    0x08005b30   0x0000001c   Code   RO         3062    i.gsm_read          gsm.o
    0x08005b4c   0x000002a8   Code   RO         3063    i.gsm_read_gps      gsm.o
    0x08005df4   0x00000128   Code   RO         3064    i.gsm_read_signal   gsm.o
    0x08005f1c   0x00000016   Code   RO         3065    i.gsm_write         gsm.o
    0x08005f32   0x00000002   PAD
    0x08005f34   0x000000ac   Code   RO          264    i.main              main.o
    0x08005fe0   0x00000138   Code   RO         3180    i.mqtt_ack_ping     mqtt_ptc.o
    0x08006118   0x00000118   Code   RO         3181    i.mqtt_callback     mqtt_ptc.o
    0x08006230   0x00000370   Code   RO         3182    i.mqtt_connect      mqtt_ptc.o
    0x080065a0   0x000004a0   Code   RO         3183    i.mqtt_parser       mqtt_ptc.o
    0x08006a40   0x00000184   Code   RO         3184    i.mqtt_ping         mqtt_ptc.o
    0x08006bc4   0x00000224   Code   RO         3185    i.mqtt_publish      mqtt_ptc.o
    0x08006de8   0x0000022c   Code   RO         3186    i.mqtt_subscribe    mqtt_ptc.o
    0x08007014   0x0000011c   Code   RO         3115    i.net_callback      network.o
    0x08007130   0x00000718   Code   RO         3116    i.net_connect       network.o
    0x08007848   0x0000000c   Code   RO         3117    i.net_ptc           network.o
    0x08007854   0x000003a8   Code   RO         3118    i.net_run           network.o
    0x08007bfc   0x00000040   Code   RO         2938    i.print_debug       print_debug.o
    0x08007c3c   0x000000c4   Code   RO         2939    i.print_hex_ascii_line  print_debug.o
    0x08007d00   0x0000000c   Code   RO         2940    i.print_init        print_debug.o
    0x08007d0c   0x00000090   Code   RO         2941    i.print_payload     print_debug.o
    0x08007d9c   0x00000074   Code   RO         2985    i.uart1_callback    uart1_manag.o
    0x08007e10   0x00000010   Code   RO         2986    i.uart1_flush       uart1_manag.o
    0x08007e20   0x000000d8   Code   RO         2987    i.uart1_read        uart1_manag.o
    0x08007ef8   0x00000020   Code   RO         2988    i.uart1_write       uart1_manag.o
    0x08007f18   0x00000074   Code   RO         3026    i.uart2_callback    uart2_manag.o
    0x08007f8c   0x00000010   Data   RO         2328    .constdata          stm32f0xx_hal_rcc.o
    0x08007f9c   0x00000040   Data   RO         3119    .constdata          network.o
    0x08007fdc   0x00000081   Data   RO         3256    .constdata          mc_p.l(ctype_o.o)
    0x0800805d   0x00000003   PAD
    0x08008060   0x00000004   Data   RO         3257    .constdata          mc_p.l(ctype_o.o)
    0x08008064   0x00000020   Data   RO         3656    Region$$Table       anon$$obj.o


    Execution Region RW_IRAM1 (Base: 0x20000000, Size: 0x00001020, Max: 0x00002000, ABSOLUTE)

    Base Addr    Size         Type   Attr      Idx    E Section Name        Object

    0x20000000   0x00000004   Data   RW          168    .data               stm32f0xx_it.o
    0x20000004   0x00000004   Data   RW          341    .data               system_stm32f0xx.o
    0x20000008   0x00000004   Data   RW         1971    .data               stm32f0xx_hal.o
    0x2000000c   0x00000004   Data   RW         2942    .data               print_debug.o
    0x20000010   0x00000005   Data   RW         2989    .data               uart1_manag.o
    0x20000015   0x00000005   Data   RW         3029    .data               uart2_manag.o
    0x2000001a   0x00000002   Data   RW         3120    .data               network.o
    0x2000001c   0x00000005   Data   RW         3188    .data               mqtt_ptc.o
    0x20000021   0x00000003   PAD
    0x20000024   0x00000004   Data   RW         3296    .data               mc_p.l(strtok.o)
    0x20000028   0x00000004   Data   RW         3606    .data               mc_p.l(errno.o)
    0x2000002c   0x00000698   Zero   RW          265    .bss                main.o
    0x200006c4   0x00000004   PAD
    0x200006c8   0x00000054   Zero   RW         3066    .bss                gsm.o
    0x2000071c   0x00000504   Zero   RW         3187    .bss                mqtt_ptc.o
    0x20000c20   0x00000400   Zero   RW          369    STACK               startup_stm32f051x8.o


==============================================================================

Image component sizes


      Code (inc. data)   RO Data    RW Data    ZI Data      Debug   Object Name

      1026        426          0          0         84       4181   gsm.o
      1714        500          0          0       1688       7947   main.o
      4148       1534          0          5       1284       9228   mqtt_ptc.o
      3736       1242         64          2          0       7104   network.o
       416         66          0          4          0       4372   print_debug.o
        28          8        188          0       1024        648   startup_stm32f051x8.o
       124         14          0          4          0       3942   stm32f0xx_hal.o
      2574        360          0          0          0       7825   stm32f0xx_hal_adc.o
       498        208          0          0          0      11071   stm32f0xx_hal_cortex.o
      1098        244          0          0          0       4615   stm32f0xx_hal_gpio.o
       412         44          0          0          0     220954   stm32f0xx_hal_msp.o
      3040        228         16          0          0       5961   stm32f0xx_hal_rcc.o
       528         78          0          0          0       1480   stm32f0xx_hal_rcc_ex.o
      2490        222          0          0          0      10211   stm32f0xx_hal_tim.o
       324         82          0          0          0       2550   stm32f0xx_hal_tim_ex.o
      2768        242          0          0          0      10939   stm32f0xx_hal_uart.o
       336          0          0          0          0       1862   stm32f0xx_hal_uart_ex.o
       110         28          0          4          0       4983   stm32f0xx_it.o
       116         12          0          4          0       1469   system_stm32f0xx.o
       380         82          0          5          0       3076   uart1_manag.o
       116         32          0          5          0       1191   uart2_manag.o

    ----------------------------------------------------------------------
     25994       5652        300         36       4084     325609   Object Totals
         0          0         32          0          0          0   (incl. Generated)
        12          0          0          3          4          0   (incl. Padding)

    ----------------------------------------------------------------------

      Code (inc. data)   RO Data    RW Data    ZI Data      Debug   Library Member Name

        42          0          0          0          0         76   atof.o
        30          0          0          0          0         60   _chval.o
        68          0          0          0          0         76   _sgetc.o
       166          0          0          0          0         84   _strtoul.o
        26          0          0          0          0         72   atoi.o
         8          4        133          0          0         60   ctype_o.o
         0          0          0          0          0          0   entry.o
         0          0          0          0          0          0   entry10a.o
         0          0          0          0          0          0   entry11a.o
         8          4          0          0          0          0   entry2.o
         4          0          0          0          0          0   entry5.o
         0          0          0          0          0          0   entry7b.o
         0          0          0          0          0          0   entry8b.o
         8          4          0          0          0          0   entry9a.o
        32         16          0          4          0        180   errno.o
        30          0          0          0          0          0   handlers.o
        40          0          0          0          0         72   idiv.o
        36          8          0          0          0         68   init.o
        18          0          0          0          0         68   isspace_o.o
         0          0          0          0          0          0   iusefp.o
       122          0          0          0          0         84   llmul.o
        32          0          0          0          0         68   llshl.o
        38          0          0          0          0         68   llsshr.o
        34          0          0          0          0         68   llushr.o
        36          0          0          0          0         60   memcpya.o
        36          0          0          0          0        100   memseta.o
      2278        100          0          0          0        544   printfa.o
       858         12          0          0          0        184   scanf_fp.o
        18          0          0          0          0         60   strcpy.o
        14          0          0          0          0         60   strlen.o
        30          0          0          0          0         72   strncmp.o
        40          0          0          0          0         72   strstr.o
       164         18          0          0          0        120   strtod.o
        72          4          0          4          0         72   strtok.o
       112          4          0          0          0         76   strtol.o
        44          0          0          0          0         72   uidiv.o
        96          0          0          0          0         84   uldiv.o
        40          2          0          0          0         68   cdrcmple.o
        20          0          0          0          0         68   cfcmple.o
        56          0          0          0          0         68   d2f.o
       356          4          0          0          0        140   dadd.o
       240          6          0          0          0         84   ddiv.o
       236          0          0          0          0        216   depilogue.o
        64         10          0          0          0         68   dfixul.o
        28          6          0          0          0         68   dfltul.o
       208          6          0          0          0         88   dmul.o
        40          0          0          0          0         60   f2d.o
       178          0          0          0          0        108   fadd.o
       124          0          0          0          0         72   fdiv.o
       130          0          0          0          0        144   fepilogue.o
        50          0          0          0          0         60   ffixi.o
        22          0          0          0          0         68   fflti.o
       122          0          0          0          0         72   fmul.o

    ----------------------------------------------------------------------
      6470        208        136          8          0       4132   Library Totals
        16          0          3          0          0          0   (incl. Padding)

    ----------------------------------------------------------------------

      Code (inc. data)   RO Data    RW Data    ZI Data      Debug   Library Name

        42          0          0          0          0         76   m_ps.l
      4498        174        133          8          0       2604   mc_p.l
      1914         34          0          0          0       1452   mf_p.l

    ----------------------------------------------------------------------
      6470        208        136          8          0       4132   Library Totals

    ----------------------------------------------------------------------

==============================================================================


      Code (inc. data)   RO Data    RW Data    ZI Data      Debug   

     32464       5860        436         44       4084     322837   Grand Totals
     32464       5860        436         44       4084     322837   ELF Image Totals
     32464       5860        436         44          0          0   ROM Totals

==============================================================================

    Total RO  Size (Code + RO Data)                32900 (  32.13kB)
    Total RW  Size (RW Data + ZI Data)              4128 (   4.03kB)
    Total ROM Size (Code + RO Data + RW Data)      32944 (  32.17kB)

==============================================================================

